#
# There is insufficient memory for the Java Runtime Environment to continue.
# Native memory allocation (mmap) failed to map 585105408 bytes for G1 virtual space
# Possible reasons:
#   The system is out of physical RAM or swap space
#   The process is running with CompressedOops enabled, and the Java Heap may be blocking the growth of the native heap
# Possible solutions:
#   Reduce memory load on the system
#   Increase physical memory or swap space
#   Check if swap backing store is full
#   Decrease Java heap size (-Xmx/-Xms)
#   Decrease number of Java threads
#   Decrease Java thread stack sizes (-Xss)
#   Set larger code cache with -XX:ReservedCodeCacheSize=
#   JVM is running with Unscaled Compressed Oops mode in which the Java heap is
#     placed in the first 4GB address space. The Java Heap base address is the
#     maximum limit for the native heap growth. Please use -XX:HeapBaseMinAddress
#     to set the Java Heap base and to place the Java Heap above 4GB virtual address.
# This output file may be truncated or incomplete.
#
#  Out of Memory Error (os_windows.cpp:3548), pid=19156, tid=27404
#
# JRE version: Java(TM) SE Runtime Environment (17.0.12+8) (build 17.0.12+8-LTS-286)
# Java VM: Java HotSpot(TM) 64-Bit Server VM (17.0.12+8-LTS-286, mixed mode, sharing, tiered, compressed oops, compressed class ptrs, g1 gc, windows-amd64)
# No core dump will be written. Minidumps are not enabled by default on client versions of Windows
#

---------------  S U M M A R Y ------------

Command Line: --add-opens=java.base/java.lang=ALL-UNNAMED --add-opens=java.base/java.lang.invoke=ALL-UNNAMED --add-opens=java.base/java.util=ALL-UNNAMED --add-opens=java.prefs/java.util.prefs=ALL-UNNAMED --add-exports=jdk.compiler/com.sun.tools.javac.api=ALL-UNNAMED --add-exports=jdk.compiler/com.sun.tools.javac.util=ALL-UNNAMED --add-opens=java.base/java.util=ALL-UNNAMED --add-opens=java.prefs/java.util.prefs=ALL-UNNAMED --add-opens=java.base/java.nio.charset=ALL-UNNAMED --add-opens=java.base/java.net=ALL-UNNAMED --add-opens=java.base/java.util.concurrent.atomic=ALL-UNNAMED --add-opens=java.xml/javax.xml.namespace=ALL-UNNAMED -XX:MaxMetaspaceSize=512m -Xmx2048m -Dfile.encoding=windows-1252 -Duser.country=US -Duser.language=en -Duser.variant -javaagent:C:\Users\HP\.gradle\wrapper\dists\gradle-8.14.1-bin\baw1sv0jfoi8rxs14qo3h49cs\gradle-8.14.1\lib\agents\gradle-instrumentation-agent-8.14.1.jar org.gradle.launcher.daemon.bootstrap.GradleDaemon 8.14.1

Host: AMD Ryzen 3 3300U with Radeon Vega Mobile Gfx  , 4 cores, 3G,  Windows 10 , 64 bit Build 19041 (10.0.19041.5915)
Time: Mon Jul 20 00:11:52 2026 India Standard Time elapsed time: 64.478565 seconds (0d 0h 1m 4s)

---------------  T H R E A D  ---------------

Current thread (0x0000020897fc8df0):  VMThread "VM Thread" [stack: 0x0000004657500000,0x0000004657600000] [id=27404]

Stack: [0x0000004657500000,0x0000004657600000]
Native frames: (J=compiled Java code, j=interpreted, Vv=VM code, C=native code)
V  [jvm.dll+0x67a04a]
V  [jvm.dll+0x7da4ed]
V  [jvm.dll+0x7dbe33]
V  [jvm.dll+0x7dc4a3]
V  [jvm.dll+0x24508f]
V  [jvm.dll+0x677089]
V  [jvm.dll+0x66bd32]
V  [jvm.dll+0x301fa6]
V  [jvm.dll+0x309546]
V  [jvm.dll+0x359d2e]
V  [jvm.dll+0x359f5f]
V  [jvm.dll+0x2d9078]
V  [jvm.dll+0x2d74ad]
V  [jvm.dll+0x2d6afc]
V  [jvm.dll+0x31a65b]
V  [jvm.dll+0x7e0d9b]
V  [jvm.dll+0x7e1ad4]
V  [jvm.dll+0x7e1fed]
V  [jvm.dll+0x7e23c4]
V  [jvm.dll+0x7e2490]
V  [jvm.dll+0x78abea]
V  [jvm.dll+0x678f35]
C  [ucrtbase.dll+0x21bb2]
C  [KERNEL32.DLL+0x17374]
C  [ntdll.dll+0x4cc91]

VM_Operation (0x0000004658bf7c50): G1CollectForAllocation, mode: safepoint, requested by thread 0x00000208d678fdf0


---------------  P R O C E S S  ---------------

Threads class SMR info:
_java_thread_list=0x00000208d9c8d5a0, length=90, elements={
0x0000020897efa4e0, 0x00000208b58155f0, 0x00000208b5816380, 0x00000208b5826cf0,
0x00000208b5829730, 0x00000208b582a000, 0x00000208b582c490, 0x00000208b582f150,
0x00000208b5836370, 0x00000208b589cb80, 0x00000208b580c580, 0x00000208b5b27870,
0x00000208d63426a0, 0x00000208d65473c0, 0x00000208d6779930, 0x00000208d65de120,
0x00000208d65dea00, 0x00000208d678f8e0, 0x00000208d678fdf0, 0x00000208d678df90,
0x00000208d6790810, 0x00000208d678d060, 0x00000208d6790300, 0x00000208d678d570,
0x00000208d678eec0, 0x00000208d678da80, 0x00000208d678e4a0, 0x00000208d678e9b0,
0x00000208d8736a80, 0x00000208d87374a0, 0x00000208d87379b0, 0x00000208d8736f90,
0x00000208d8737ec0, 0x00000208d87383d0, 0x00000208d87388e0, 0x00000208d8739300,
0x00000208d8739810, 0x00000208d6e99bd0, 0x00000208d6e9a0e0, 0x00000208d6e9a5f0,
0x00000208d6e9ab00, 0x00000208d6e9ba30, 0x00000208d6e9c450, 0x00000208d6e9b010,
0x00000208d6e991b0, 0x00000208d6e996c0, 0x00000208d6e9bf40, 0x00000208d6e9b520,
0x00000208d6e98ca0, 0x00000208d94f3400, 0x00000208d94f4d50, 0x00000208d94f8500,
0x00000208d94f4840, 0x00000208d94fa870, 0x00000208d94f66a0, 0x00000208d94f3910,
0x00000208d94f3e20, 0x00000208d94f5260, 0x00000208d94f5770, 0x00000208d94f5c80,
0x00000208d94f9430, 0x00000208d94f6190, 0x00000208d94f70c0, 0x00000208d94f9940,
0x00000208d94f75d0, 0x00000208d94f8a10, 0x00000208d94f7ae0, 0x00000208d94f7ff0,
0x00000208d995cb90, 0x00000208d9957a90, 0x00000208d9956b60, 0x00000208d9956140,
0x00000208d9957fa0, 0x00000208d995ad30, 0x00000208d99593e0, 0x00000208d9957580,
0x00000208d99584b0, 0x00000208d9957070, 0x00000208d995c680, 0x00000208d9959e00,
0x00000208d9955c30, 0x00000208d995b240, 0x00000208d99598f0, 0x00000208d995b750,
0x00000208d995d0a0, 0x00000208d995bc60, 0x00000208d995c170, 0x00000208d995d5b0,
0x00000208d93c05a0, 0x00000208d93c0fc0
}

Java Threads: ( => current thread )
  0x0000020897efa4e0 JavaThread "main" [_thread_blocked, id=4604, stack(0x0000004656f00000,0x0000004657000000)]
  0x00000208b58155f0 JavaThread "Reference Handler" daemon [_thread_blocked, id=8424, stack(0x0000004657600000,0x0000004657700000)]
  0x00000208b5816380 JavaThread "Finalizer" daemon [_thread_blocked, id=15840, stack(0x0000004657700000,0x0000004657800000)]
  0x00000208b5826cf0 JavaThread "Signal Dispatcher" daemon [_thread_blocked, id=34744, stack(0x0000004657800000,0x0000004657900000)]
  0x00000208b5829730 JavaThread "Attach Listener" daemon [_thread_blocked, id=21192, stack(0x0000004657900000,0x0000004657a00000)]
  0x00000208b582a000 JavaThread "Service Thread" daemon [_thread_blocked, id=12908, stack(0x0000004657a00000,0x0000004657b00000)]
  0x00000208b582c490 JavaThread "Monitor Deflation Thread" daemon [_thread_blocked, id=16544, stack(0x0000004657b00000,0x0000004657c00000)]
  0x00000208b582f150 JavaThread "C2 CompilerThread0" daemon [_thread_blocked, id=17588, stack(0x0000004657c00000,0x0000004657d00000)]
  0x00000208b5836370 JavaThread "C1 CompilerThread0" daemon [_thread_blocked, id=24524, stack(0x0000004657d00000,0x0000004657e00000)]
  0x00000208b589cb80 JavaThread "Sweeper thread" daemon [_thread_blocked, id=10856, stack(0x0000004657e00000,0x0000004657f00000)]
  0x00000208b580c580 JavaThread "Common-Cleaner" daemon [_thread_blocked, id=34756, stack(0x0000004657f00000,0x0000004658000000)]
  0x00000208b5b27870 JavaThread "Notification Thread" daemon [_thread_blocked, id=21664, stack(0x0000004658000000,0x0000004658100000)]
  0x00000208d63426a0 JavaThread "Daemon health stats" [_thread_blocked, id=36188, stack(0x0000004658500000,0x0000004658600000)]
  0x00000208d65473c0 JavaThread "Incoming local TCP Connector on port 56685" [_thread_in_native, id=27232, stack(0x0000004658600000,0x0000004658700000)]
  0x00000208d6779930 JavaThread "Daemon periodic checks" [_thread_blocked, id=2816, stack(0x0000004658700000,0x0000004658800000)]
  0x00000208d65de120 JavaThread "Daemon" [_thread_blocked, id=33672, stack(0x0000004658800000,0x0000004658900000)]
  0x00000208d65dea00 JavaThread "Handler for socket connection from /127.0.0.1:56685 to /127.0.0.1:56686" [_thread_in_native, id=35732, stack(0x0000004658900000,0x0000004658a00000)]
  0x00000208d678f8e0 JavaThread "Cancel handler" [_thread_blocked, id=38836, stack(0x0000004658a00000,0x0000004658b00000)]
  0x00000208d678fdf0 JavaThread "Daemon worker" [_thread_blocked, id=35248, stack(0x0000004658b00000,0x0000004658c00000)]
  0x00000208d678df90 JavaThread "Asynchronous log dispatcher for DefaultDaemonConnection: socket connection from /127.0.0.1:56685 to /127.0.0.1:56686" [_thread_blocked, id=11988, stack(0x0000004658c00000,0x0000004658d00000)]
  0x00000208d6790810 JavaThread "Stdin handler" [_thread_blocked, id=37744, stack(0x0000004658d00000,0x0000004658e00000)]
  0x00000208d678d060 JavaThread "Daemon client event forwarder" [_thread_blocked, id=29252, stack(0x0000004658e00000,0x0000004658f00000)]
  0x00000208d6790300 JavaThread "Cache worker for journal cache (C:\Users\HP\.gradle\caches\journal-1)" [_thread_blocked, id=26028, stack(0x0000004658f00000,0x0000004659000000)]
  0x00000208d678d570 JavaThread "File lock request listener" [_thread_in_native, id=28676, stack(0x0000004659000000,0x0000004659100000)]
  0x00000208d678eec0 JavaThread "Cache worker for file hash cache (C:\Users\HP\.gradle\caches\8.14.1\fileHashes)" [_thread_blocked, id=13596, stack(0x0000004659100000,0x0000004659200000)]
  0x00000208d678da80 JavaThread "Cache worker for file hash cache (C:\Users\HP\SalonScheduler\android\.gradle\8.14.1\fileHashes)" [_thread_blocked, id=36364, stack(0x0000004659200000,0x0000004659300000)]
  0x00000208d678e4a0 JavaThread "Cache worker for Build Output Cleanup Cache (C:\Users\HP\SalonScheduler\android\.gradle\buildOutputCleanup)" [_thread_blocked, id=38260, stack(0x0000004659300000,0x0000004659400000)]
  0x00000208d678e9b0 JavaThread "File watcher server" daemon [_thread_in_native, id=11864, stack(0x0000004659400000,0x0000004659500000)]
  0x00000208d8736a80 JavaThread "File watcher consumer" daemon [_thread_blocked, id=38868, stack(0x0000004659500000,0x0000004659600000)]
  0x00000208d87374a0 JavaThread "jar transforms" [_thread_blocked, id=5312, stack(0x0000004659600000,0x0000004659700000)]
  0x00000208d87379b0 JavaThread "Cache worker for checksums cache (C:\Users\HP\SalonScheduler\android\.gradle\8.14.1\checksums)" [_thread_blocked, id=26600, stack(0x0000004659700000,0x0000004659800000)]
  0x00000208d8736f90 JavaThread "Cache worker for file content cache (C:\Users\HP\.gradle\caches\8.14.1\fileContent)" [_thread_blocked, id=14460, stack(0x0000004659800000,0x0000004659900000)]
  0x00000208d8737ec0 JavaThread "Cache worker for cache directory md-supplier (C:\Users\HP\.gradle\caches\8.14.1\md-supplier)" [_thread_blocked, id=12784, stack(0x0000004659900000,0x0000004659a00000)]
  0x00000208d87383d0 JavaThread "Cache worker for cache directory md-rule (C:\Users\HP\.gradle\caches\8.14.1\md-rule)" [_thread_blocked, id=14256, stack(0x0000004659a00000,0x0000004659b00000)]
  0x00000208d87388e0 JavaThread "Cache worker for Build Output Cleanup Cache (C:\Users\HP\SalonScheduler\node_modules\@react-native\gradle-plugin\.gradle\buildOutputCleanup)" [_thread_blocked, id=19672, stack(0x0000004659b00000,0x0000004659c00000)]
  0x00000208d8739300 JavaThread "Unconstrained build operations" [_thread_blocked, id=23104, stack(0x0000004659c00000,0x0000004659d00000)]
  0x00000208d8739810 JavaThread "Unconstrained build operations Thread 2" [_thread_blocked, id=13724, stack(0x0000004659d00000,0x0000004659e00000)]
  0x00000208d6e99bd0 JavaThread "Unconstrained build operations Thread 3" [_thread_blocked, id=30388, stack(0x0000004659e00000,0x0000004659f00000)]
  0x00000208d6e9a0e0 JavaThread "Unconstrained build operations Thread 4" [_thread_blocked, id=23912, stack(0x0000004659f00000,0x000000465a000000)]
  0x00000208d6e9a5f0 JavaThread "Unconstrained build operations Thread 5" [_thread_blocked, id=13276, stack(0x000000465a000000,0x000000465a100000)]
  0x00000208d6e9ab00 JavaThread "Unconstrained build operations Thread 6" [_thread_blocked, id=1288, stack(0x000000465a100000,0x000000465a200000)]
  0x00000208d6e9ba30 JavaThread "Unconstrained build operations Thread 7" [_thread_blocked, id=12212, stack(0x000000465a200000,0x000000465a300000)]
  0x00000208d6e9c450 JavaThread "Unconstrained build operations Thread 8" [_thread_blocked, id=17048, stack(0x000000465a300000,0x000000465a400000)]
  0x00000208d6e9b010 JavaThread "Unconstrained build operations Thread 9" [_thread_blocked, id=35320, stack(0x000000465a400000,0x000000465a500000)]
  0x00000208d6e991b0 JavaThread "Unconstrained build operations Thread 10" [_thread_blocked, id=37756, stack(0x000000465a500000,0x000000465a600000)]
  0x00000208d6e996c0 JavaThread "Unconstrained build operations Thread 11" [_thread_blocked, id=23576, stack(0x000000465a600000,0x000000465a700000)]
  0x00000208d6e9bf40 JavaThread "Unconstrained build operations Thread 12" [_thread_blocked, id=17220, stack(0x000000465a700000,0x000000465a800000)]
  0x00000208d6e9b520 JavaThread "Unconstrained build operations Thread 13" [_thread_blocked, id=15344, stack(0x000000465a800000,0x000000465a900000)]
  0x00000208d6e98ca0 JavaThread "Unconstrained build operations Thread 14" [_thread_blocked, id=21344, stack(0x000000465a900000,0x000000465aa00000)]
  0x00000208d94f3400 JavaThread "Unconstrained build operations Thread 15" [_thread_blocked, id=34800, stack(0x000000465aa00000,0x000000465ab00000)]
  0x00000208d94f4d50 JavaThread "build event listener" [_thread_blocked, id=26452, stack(0x000000465ab00000,0x000000465ac00000)]
  0x00000208d94f8500 JavaThread "Memory manager" [_thread_blocked, id=30044, stack(0x000000465ac00000,0x000000465ad00000)]
  0x00000208d94f4840 JavaThread "ForkJoinPool.commonPool-worker-1" daemon [_thread_blocked, id=11040, stack(0x000000465ad00000,0x000000465ae00000)]
  0x00000208d94fa870 JavaThread "ForkJoinPool.commonPool-worker-2" daemon [_thread_blocked, id=15484, stack(0x000000465ae00000,0x000000465af00000)]
  0x00000208d94f66a0 JavaThread "ForkJoinPool.commonPool-worker-3" daemon [_thread_blocked, id=29056, stack(0x000000465af00000,0x000000465b000000)]
  0x00000208d94f3910 JavaThread "included builds" [_thread_blocked, id=20536, stack(0x000000465b000000,0x000000465b100000)]
  0x00000208d94f3e20 JavaThread "Execution worker" [_thread_blocked, id=38288, stack(0x000000465b100000,0x000000465b200000)]
  0x00000208d94f5260 JavaThread "Execution worker Thread 2" [_thread_blocked, id=34508, stack(0x000000465b200000,0x000000465b300000)]
  0x00000208d94f5770 JavaThread "Execution worker Thread 3" [_thread_blocked, id=21908, stack(0x000000465b300000,0x000000465b400000)]
  0x00000208d94f5c80 JavaThread "Cache worker for execution history cache (C:\Users\HP\SalonScheduler\node_modules\@react-native\gradle-plugin\.gradle\8.14.1\executionHistory)" [_thread_blocked, id=16504, stack(0x000000465b400000,0x000000465b500000)]
  0x00000208d94f9430 JavaThread "Unconstrained build operations Thread 16" [_thread_blocked, id=12112, stack(0x000000465b500000,0x000000465b600000)]
  0x00000208d94f6190 JavaThread "Unconstrained build operations Thread 17" [_thread_blocked, id=6576, stack(0x000000465b600000,0x000000465b700000)]
  0x00000208d94f70c0 JavaThread "Unconstrained build operations Thread 18" [_thread_blocked, id=19284, stack(0x000000465b700000,0x000000465b800000)]
  0x00000208d94f9940 JavaThread "Unconstrained build operations Thread 19" [_thread_blocked, id=25452, stack(0x000000465b800000,0x000000465b900000)]
  0x00000208d94f75d0 JavaThread "Unconstrained build operations Thread 20" [_thread_blocked, id=37584, stack(0x000000465b900000,0x000000465ba00000)]
  0x00000208d94f8a10 JavaThread "Unconstrained build operations Thread 21" [_thread_blocked, id=11340, stack(0x000000465ba00000,0x000000465bb00000)]
  0x00000208d94f7ae0 JavaThread "Unconstrained build operations Thread 22" [_thread_blocked, id=20316, stack(0x000000465bb00000,0x000000465bc00000)]
  0x00000208d94f7ff0 JavaThread "Unconstrained build operations Thread 23" [_thread_blocked, id=27108, stack(0x000000465bc00000,0x000000465bd00000)]
  0x00000208d995cb90 JavaThread "Unconstrained build operations Thread 24" [_thread_blocked, id=26000, stack(0x000000465bd00000,0x000000465be00000)]
  0x00000208d9957a90 JavaThread "Unconstrained build operations Thread 25" [_thread_blocked, id=23868, stack(0x000000465be00000,0x000000465bf00000)]
  0x00000208d9956b60 JavaThread "Unconstrained build operations Thread 26" [_thread_blocked, id=38604, stack(0x000000465bf00000,0x000000465c000000)]
  0x00000208d9956140 JavaThread "Unconstrained build operations Thread 27" [_thread_blocked, id=35704, stack(0x000000465c000000,0x000000465c100000)]
  0x00000208d9957fa0 JavaThread "Unconstrained build operations Thread 28" [_thread_blocked, id=9356, stack(0x000000465c100000,0x000000465c200000)]
  0x00000208d995ad30 JavaThread "Unconstrained build operations Thread 29" [_thread_blocked, id=16216, stack(0x000000465c200000,0x000000465c300000)]
  0x00000208d99593e0 JavaThread "Unconstrained build operations Thread 30" [_thread_blocked, id=35060, stack(0x000000465c300000,0x000000465c400000)]
  0x00000208d9957580 JavaThread "Unconstrained build operations Thread 31" [_thread_blocked, id=12852, stack(0x000000465c400000,0x000000465c500000)]
  0x00000208d99584b0 JavaThread "Unconstrained build operations Thread 32" [_thread_blocked, id=8688, stack(0x000000465c500000,0x000000465c600000)]
  0x00000208d9957070 JavaThread "Unconstrained build operations Thread 33" [_thread_blocked, id=32788, stack(0x000000465c600000,0x000000465c700000)]
  0x00000208d995c680 JavaThread "Unconstrained build operations Thread 34" [_thread_blocked, id=29036, stack(0x000000465c700000,0x000000465c800000)]
  0x00000208d9959e00 JavaThread "Unconstrained build operations Thread 35" [_thread_blocked, id=6784, stack(0x000000465c800000,0x000000465c900000)]
  0x00000208d9955c30 JavaThread "Unconstrained build operations Thread 36" [_thread_blocked, id=5692, stack(0x000000465c900000,0x000000465ca00000)]
  0x00000208d995b240 JavaThread "Unconstrained build operations Thread 37" [_thread_blocked, id=17112, stack(0x000000465ca00000,0x000000465cb00000)]
  0x00000208d99598f0 JavaThread "jar transforms Thread 2" [_thread_blocked, id=7000, stack(0x000000465cb00000,0x000000465cc00000)]
  0x00000208d995b750 JavaThread "jar transforms Thread 3" [_thread_blocked, id=12704, stack(0x000000465cc00000,0x000000465cd00000)]
  0x00000208d995d0a0 JavaThread "Unconstrained build operations Thread 38" [_thread_blocked, id=17032, stack(0x000000465cd00000,0x000000465ce00000)]
  0x00000208d995bc60 JavaThread "Unconstrained build operations Thread 39" [_thread_blocked, id=9896, stack(0x000000465ce00000,0x000000465cf00000)]
  0x00000208d995c170 JavaThread "Unconstrained build operations Thread 40" [_thread_blocked, id=24048, stack(0x000000465cf00000,0x000000465d000000)]
  0x00000208d995d5b0 JavaThread "jar transforms Thread 4" [_thread_blocked, id=19964, stack(0x000000465d000000,0x000000465d100000)]
  0x00000208d93c05a0 JavaThread "Problems report writer" [_thread_blocked, id=8160, stack(0x000000465d200000,0x000000465d300000)]
  0x00000208d93c0fc0 JavaThread "build event listener" [_thread_blocked, id=25156, stack(0x000000465d300000,0x000000465d400000)]

Other Threads:
=>0x0000020897fc8df0 VMThread "VM Thread" [stack: 0x0000004657500000,0x0000004657600000] [id=27404]
  0x00000208b5b28150 WatcherThread [stack: 0x0000004658100000,0x0000004658200000] [id=28060]
  0x0000020897f54df0 GCTaskThread "GC Thread#0" [stack: 0x0000004657000000,0x0000004657100000] [id=16588]
  0x00000208b5c15730 GCTaskThread "GC Thread#1" [stack: 0x0000004658200000,0x0000004658300000] [id=35500]
  0x00000208b5d080a0 GCTaskThread "GC Thread#2" [stack: 0x0000004658300000,0x0000004658400000] [id=27912]
  0x00000208d529b6c0 GCTaskThread "GC Thread#3" [stack: 0x0000004658400000,0x0000004658500000] [id=4964]
  0x0000020897f65c50 ConcurrentGCThread "G1 Main Marker" [stack: 0x0000004657100000,0x0000004657200000] [id=14860]
  0x0000020897f66570 ConcurrentGCThread "G1 Conc#0" [stack: 0x0000004657200000,0x0000004657300000] [id=14972]
  0x0000020897fa1970 ConcurrentGCThread "G1 Refine#0" [stack: 0x0000004657300000,0x0000004657400000] [id=24136]
  0x0000020897fa22b0 ConcurrentGCThread "G1 Service" [stack: 0x0000004657400000,0x0000004657500000] [id=32644]

Threads with active compile tasks:
C2 CompilerThread0    64539 14893 %     4       com.android.build.gradle.internal.cxx.settings.ParseMacroStringKt::tokenizeMacroString @ 27 (409 bytes)
C1 CompilerThread0    64539 14951       3       com.android.build.gradle.internal.cxx.settings.CxxAbiModelSettingsRewriterKt$expandConfigurationHashMacros$result$1::invoke (31 bytes)

VM state: at safepoint (normal execution)

VM Mutex/Monitor currently owned by a thread:  ([mutex/lock_event])
[0x0000020897ef6350] Threads_lock - owner thread: 0x0000020897fc8df0
[0x0000020897ef5db0] Heap_lock - owner thread: 0x00000208d678fdf0

Heap address: 0x0000000080000000, size: 2048 MB, Compressed Oops mode: 32-bit

CDS archive(s) mapped at: [0x00000208b6000000-0x00000208b6bd0000-0x00000208b6bd0000), size 12386304, SharedBaseAddress: 0x00000208b6000000, ArchiveRelocationMode: 1.
Compressed class space mapped at: 0x00000208b7000000-0x00000208d1000000, reserved size: 436207616
Narrow klass base: 0x00000208b6000000, Narrow klass shift: 0, Narrow klass range: 0x100000000

GC Precious Log:
 CPUs: 4 total, 4 available
 Memory: 3530M
 Large Page Support: Disabled
 NUMA Support: Disabled
 Compressed Oops: Enabled (32-bit)
 Heap Region Size: 1M
 Heap Min Capacity: 8M
 Heap Initial Capacity: 56M
 Heap Max Capacity: 2G
 Pre-touch: Disabled
 Parallel Workers: 4
 Concurrent Workers: 1
 Concurrent Refinement Workers: 4
 Periodic GC: Disabled

Heap:
 garbage-first heap   total 285696K, used 169925K [0x0000000080000000, 0x0000000100000000)
  region size 1024K, 11 young (11264K), 11 survivors (11264K)
 Metaspace       used 104287K, committed 105344K, reserved 557056K
  class space    used 14558K, committed 15040K, reserved 425984K

Heap Regions: E=young(eden), S=young(survivor), O=old, HS=humongous(starts), HC=humongous(continues), CS=collection set, F=free, OA=open archive, CA=closed archive, TAMS=top-at-mark-start (previous, next)
|   0|0x0000000080000000, 0x0000000080100000, 0x0000000080100000|100%|HS|  |TAMS 0x0000000080100000, 0x0000000080000000| Complete 
|   1|0x0000000080100000, 0x0000000080200000, 0x0000000080200000|100%|HC|  |TAMS 0x0000000080200000, 0x0000000080100000| Complete 
|   2|0x0000000080200000, 0x0000000080300000, 0x0000000080300000|100%|HC|  |TAMS 0x0000000080300000, 0x0000000080200000| Complete 
|   3|0x0000000080300000, 0x0000000080400000, 0x0000000080400000|100%| O|  |TAMS 0x0000000080400000, 0x0000000080300000| Untracked 
|   4|0x0000000080400000, 0x0000000080500000, 0x0000000080500000|100%| O|  |TAMS 0x0000000080500000, 0x0000000080400000| Untracked 
|   5|0x0000000080500000, 0x0000000080600000, 0x0000000080600000|100%| O|  |TAMS 0x0000000080600000, 0x0000000080500000| Untracked 
|   6|0x0000000080600000, 0x0000000080700000, 0x0000000080700000|100%| O|  |TAMS 0x0000000080700000, 0x0000000080600000| Untracked 
|   7|0x0000000080700000, 0x0000000080800000, 0x0000000080800000|100%| O|  |TAMS 0x0000000080800000, 0x0000000080700000| Untracked 
|   8|0x0000000080800000, 0x0000000080900000, 0x0000000080900000|100%| O|  |TAMS 0x0000000080900000, 0x0000000080800000| Untracked 
|   9|0x0000000080900000, 0x0000000080a00000, 0x0000000080a00000|100%| O|  |TAMS 0x0000000080a00000, 0x0000000080900000| Untracked 
|  10|0x0000000080a00000, 0x0000000080b00000, 0x0000000080b00000|100%|HS|  |TAMS 0x0000000080b00000, 0x0000000080a00000| Complete 
|  11|0x0000000080b00000, 0x0000000080c00000, 0x0000000080c00000|100%| O|  |TAMS 0x0000000080c00000, 0x0000000080b00000| Untracked 
|  12|0x0000000080c00000, 0x0000000080d00000, 0x0000000080d00000|100%| O|  |TAMS 0x0000000080d00000, 0x0000000080c00000| Untracked 
|  13|0x0000000080d00000, 0x0000000080e00000, 0x0000000080e00000|100%| O|  |TAMS 0x0000000080e00000, 0x0000000080d00000| Untracked 
|  14|0x0000000080e00000, 0x0000000080f00000, 0x0000000080f00000|100%| O|  |TAMS 0x0000000080f00000, 0x0000000080e00000| Untracked 
|  15|0x0000000080f00000, 0x0000000081000000, 0x0000000081000000|100%| O|  |TAMS 0x0000000081000000, 0x0000000080f00000| Untracked 
|  16|0x0000000081000000, 0x0000000081100000, 0x0000000081100000|100%| O|  |TAMS 0x0000000081100000, 0x0000000081000000| Untracked 
|  17|0x0000000081100000, 0x0000000081200000, 0x0000000081200000|100%| O|  |TAMS 0x0000000081200000, 0x0000000081100000| Untracked 
|  18|0x0000000081200000, 0x0000000081300000, 0x0000000081300000|100%| O|  |TAMS 0x0000000081300000, 0x0000000081200000| Untracked 
|  19|0x0000000081300000, 0x0000000081400000, 0x0000000081400000|100%| O|  |TAMS 0x0000000081400000, 0x0000000081300000| Untracked 
|  20|0x0000000081400000, 0x0000000081500000, 0x0000000081500000|100%| O|  |TAMS 0x0000000081500000, 0x0000000081400000| Untracked 
|  21|0x0000000081500000, 0x0000000081600000, 0x0000000081600000|100%| O|  |TAMS 0x0000000081600000, 0x0000000081500000| Untracked 
|  22|0x0000000081600000, 0x0000000081700000, 0x0000000081700000|100%| O|  |TAMS 0x0000000081700000, 0x0000000081600000| Untracked 
|  23|0x0000000081700000, 0x0000000081800000, 0x0000000081800000|100%| O|  |TAMS 0x0000000081800000, 0x0000000081700000| Untracked 
|  24|0x0000000081800000, 0x0000000081900000, 0x0000000081900000|100%| O|  |TAMS 0x0000000081900000, 0x0000000081800000| Untracked 
|  25|0x0000000081900000, 0x0000000081a00000, 0x0000000081a00000|100%| O|  |TAMS 0x0000000081a00000, 0x0000000081900000| Untracked 
|  26|0x0000000081a00000, 0x0000000081b00000, 0x0000000081b00000|100%| O|  |TAMS 0x0000000081b00000, 0x0000000081a00000| Untracked 
|  27|0x0000000081b00000, 0x0000000081c00000, 0x0000000081c00000|100%| O|  |TAMS 0x0000000081c00000, 0x0000000081b00000| Untracked 
|  28|0x0000000081c00000, 0x0000000081d00000, 0x0000000081d00000|100%| O|  |TAMS 0x0000000081d00000, 0x0000000081c00000| Untracked 
|  29|0x0000000081d00000, 0x0000000081e00000, 0x0000000081e00000|100%| O|  |TAMS 0x0000000081e00000, 0x0000000081d00000| Untracked 
|  30|0x0000000081e00000, 0x0000000081f00000, 0x0000000081f00000|100%| O|  |TAMS 0x0000000081f00000, 0x0000000081e00000| Untracked 
|  31|0x0000000081f00000, 0x0000000082000000, 0x0000000082000000|100%| O|  |TAMS 0x0000000082000000, 0x0000000081f00000| Untracked 
|  32|0x0000000082000000, 0x0000000082100000, 0x0000000082100000|100%| O|  |TAMS 0x0000000082100000, 0x0000000082000000| Untracked 
|  33|0x0000000082100000, 0x0000000082200000, 0x0000000082200000|100%| O|  |TAMS 0x0000000082200000, 0x0000000082100000| Untracked 
|  34|0x0000000082200000, 0x0000000082300000, 0x0000000082300000|100%| O|  |TAMS 0x0000000082300000, 0x0000000082200000| Untracked 
|  35|0x0000000082300000, 0x0000000082400000, 0x0000000082400000|100%| O|  |TAMS 0x0000000082400000, 0x0000000082300000| Untracked 
|  36|0x0000000082400000, 0x0000000082500000, 0x0000000082500000|100%| O|  |TAMS 0x0000000082500000, 0x0000000082400000| Untracked 
|  37|0x0000000082500000, 0x0000000082600000, 0x0000000082600000|100%| O|  |TAMS 0x0000000082600000, 0x0000000082500000| Untracked 
|  38|0x0000000082600000, 0x0000000082700000, 0x0000000082700000|100%| O|  |TAMS 0x0000000082700000, 0x0000000082600000| Untracked 
|  39|0x0000000082700000, 0x0000000082800000, 0x0000000082800000|100%| O|  |TAMS 0x0000000082800000, 0x0000000082700000| Untracked 
|  40|0x0000000082800000, 0x0000000082900000, 0x0000000082900000|100%| O|  |TAMS 0x0000000082900000, 0x0000000082800000| Untracked 
|  41|0x0000000082900000, 0x0000000082a00000, 0x0000000082a00000|100%|HS|  |TAMS 0x0000000082a00000, 0x0000000082900000| Complete 
|  42|0x0000000082a00000, 0x0000000082b00000, 0x0000000082b00000|100%|HC|  |TAMS 0x0000000082b00000, 0x0000000082a00000| Complete 
|  43|0x0000000082b00000, 0x0000000082c00000, 0x0000000082c00000|100%|HC|  |TAMS 0x0000000082c00000, 0x0000000082b00000| Complete 
|  44|0x0000000082c00000, 0x0000000082d00000, 0x0000000082d00000|100%|HS|  |TAMS 0x0000000082d00000, 0x0000000082c00000| Complete 
|  45|0x0000000082d00000, 0x0000000082e00000, 0x0000000082e00000|100%|HC|  |TAMS 0x0000000082e00000, 0x0000000082d00000| Complete 
|  46|0x0000000082e00000, 0x0000000082f00000, 0x0000000082f00000|100%|HC|  |TAMS 0x0000000082f00000, 0x0000000082e00000| Complete 
|  47|0x0000000082f00000, 0x0000000083000000, 0x0000000083000000|100%| O|  |TAMS 0x0000000083000000, 0x0000000082f00000| Untracked 
|  48|0x0000000083000000, 0x0000000083100000, 0x0000000083100000|100%|HS|  |TAMS 0x0000000083000000, 0x0000000083000000| Complete 
|  49|0x0000000083100000, 0x0000000083200000, 0x0000000083200000|100%| O|  |TAMS 0x0000000083200000, 0x0000000083100000| Untracked 
|  50|0x0000000083200000, 0x0000000083300000, 0x0000000083300000|100%| O|  |TAMS 0x0000000083300000, 0x0000000083200000| Untracked 
|  51|0x0000000083300000, 0x0000000083400000, 0x0000000083400000|100%| O|  |TAMS 0x0000000083400000, 0x0000000083300000| Untracked 
|  52|0x0000000083400000, 0x0000000083500000, 0x0000000083500000|100%|HS|  |TAMS 0x0000000083400000, 0x0000000083400000| Complete 
|  53|0x0000000083500000, 0x0000000083600000, 0x0000000083600000|100%| O|  |TAMS 0x0000000083600000, 0x0000000083500000| Untracked 
|  54|0x0000000083600000, 0x0000000083700000, 0x0000000083700000|100%| O|  |TAMS 0x0000000083700000, 0x0000000083600000| Untracked 
|  55|0x0000000083700000, 0x0000000083800000, 0x0000000083800000|100%| O|  |TAMS 0x0000000083800000, 0x0000000083700000| Untracked 
|  56|0x0000000083800000, 0x0000000083900000, 0x0000000083900000|100%| O|  |TAMS 0x0000000083900000, 0x0000000083800000| Untracked 
|  57|0x0000000083900000, 0x0000000083a00000, 0x0000000083a00000|100%| O|  |TAMS 0x0000000083a00000, 0x0000000083900000| Untracked 
|  58|0x0000000083a00000, 0x0000000083b00000, 0x0000000083b00000|100%| O|  |TAMS 0x0000000083a00000, 0x0000000083a00000| Untracked 
|  59|0x0000000083b00000, 0x0000000083c00000, 0x0000000083c00000|100%| O|  |TAMS 0x0000000083c00000, 0x0000000083b00000| Untracked 
|  60|0x0000000083c00000, 0x0000000083d00000, 0x0000000083d00000|100%| O|  |TAMS 0x0000000083d00000, 0x0000000083c00000| Untracked 
|  61|0x0000000083d00000, 0x0000000083e00000, 0x0000000083e00000|100%| O|  |TAMS 0x0000000083e00000, 0x0000000083d00000| Untracked 
|  62|0x0000000083e00000, 0x0000000083f00000, 0x0000000083f00000|100%| O|  |TAMS 0x0000000083f00000, 0x0000000083e00000| Untracked 
|  63|0x0000000083f00000, 0x0000000084000000, 0x0000000084000000|100%| O|  |TAMS 0x0000000084000000, 0x0000000083f00000| Untracked 
|  64|0x0000000084000000, 0x0000000084100000, 0x0000000084100000|100%| O|  |TAMS 0x0000000084100000, 0x0000000084000000| Untracked 
|  65|0x0000000084100000, 0x0000000084200000, 0x0000000084200000|100%| O|  |TAMS 0x0000000084200000, 0x0000000084100000| Untracked 
|  66|0x0000000084200000, 0x0000000084300000, 0x0000000084300000|100%| O|  |TAMS 0x0000000084300000, 0x0000000084200000| Untracked 
|  67|0x0000000084300000, 0x0000000084400000, 0x0000000084400000|100%| O|  |TAMS 0x0000000084400000, 0x0000000084300000| Untracked 
|  68|0x0000000084400000, 0x0000000084500000, 0x0000000084500000|100%| O|  |TAMS 0x0000000084500000, 0x0000000084400000| Untracked 
|  69|0x0000000084500000, 0x0000000084600000, 0x0000000084600000|100%| O|  |TAMS 0x0000000084600000, 0x0000000084500000| Untracked 
|  70|0x0000000084600000, 0x0000000084700000, 0x0000000084700000|100%| O|  |TAMS 0x0000000084700000, 0x0000000084600000| Untracked 
|  71|0x0000000084700000, 0x0000000084800000, 0x0000000084800000|100%| O|  |TAMS 0x0000000084800000, 0x0000000084700000| Untracked 
|  72|0x0000000084800000, 0x0000000084900000, 0x0000000084900000|100%|HS|  |TAMS 0x0000000084800000, 0x0000000084800000| Complete 
|  73|0x0000000084900000, 0x0000000084a00000, 0x0000000084a00000|100%| O|  |TAMS 0x0000000084a00000, 0x0000000084900000| Untracked 
|  74|0x0000000084a00000, 0x0000000084b00000, 0x0000000084b00000|100%| O|  |TAMS 0x0000000084b00000, 0x0000000084a00000| Untracked 
|  75|0x0000000084b00000, 0x0000000084c00000, 0x0000000084c00000|100%|HS|  |TAMS 0x0000000084c00000, 0x0000000084b00000| Complete 
|  76|0x0000000084c00000, 0x0000000084d00000, 0x0000000084d00000|100%|HS|  |TAMS 0x0000000084d00000, 0x0000000084c00000| Complete 
|  77|0x0000000084d00000, 0x0000000084e00000, 0x0000000084e00000|100%|HS|  |TAMS 0x0000000084e00000, 0x0000000084d00000| Complete 
|  78|0x0000000084e00000, 0x0000000084f00000, 0x0000000084f00000|100%|HS|  |TAMS 0x0000000084f00000, 0x0000000084e00000| Complete 
|  79|0x0000000084f00000, 0x0000000085000000, 0x0000000085000000|100%| O|  |TAMS 0x0000000085000000, 0x0000000084f00000| Untracked 
|  80|0x0000000085000000, 0x0000000085100000, 0x0000000085100000|100%|HS|  |TAMS 0x0000000085100000, 0x0000000085000000| Complete 
|  81|0x0000000085100000, 0x0000000085200000, 0x0000000085200000|100%|HS|  |TAMS 0x0000000085200000, 0x0000000085100000| Complete 
|  82|0x0000000085200000, 0x0000000085300000, 0x0000000085300000|100%| O|  |TAMS 0x0000000085300000, 0x0000000085200000| Untracked 
|  83|0x0000000085300000, 0x0000000085400000, 0x0000000085400000|100%| O|  |TAMS 0x0000000085400000, 0x0000000085300000| Untracked 
|  84|0x0000000085400000, 0x0000000085500000, 0x0000000085500000|100%| O|  |TAMS 0x0000000085500000, 0x0000000085400000| Untracked 
|  85|0x0000000085500000, 0x0000000085600000, 0x0000000085600000|100%| O|  |TAMS 0x0000000085600000, 0x0000000085500000| Untracked 
|  86|0x0000000085600000, 0x0000000085700000, 0x0000000085700000|100%|HS|  |TAMS 0x0000000085700000, 0x0000000085600000| Complete 
|  87|0x0000000085700000, 0x0000000085800000, 0x0000000085800000|100%| O|  |TAMS 0x0000000085800000, 0x0000000085700000| Untracked 
|  88|0x0000000085800000, 0x0000000085900000, 0x0000000085900000|100%| O|  |TAMS 0x0000000085900000, 0x0000000085800000| Untracked 
|  89|0x0000000085900000, 0x0000000085a00000, 0x0000000085a00000|100%|HS|  |TAMS 0x0000000085900000, 0x0000000085900000| Complete 
|  90|0x0000000085a00000, 0x0000000085b00000, 0x0000000085b00000|100%| O|  |TAMS 0x0000000085b00000, 0x0000000085a00000| Untracked 
|  91|0x0000000085b00000, 0x0000000085c00000, 0x0000000085c00000|100%| O|  |TAMS 0x0000000085c00000, 0x0000000085b00000| Untracked 
|  92|0x0000000085c00000, 0x0000000085d00000, 0x0000000085d00000|100%| O|  |TAMS 0x0000000085c00000, 0x0000000085c00000| Untracked 
|  93|0x0000000085d00000, 0x0000000085e00000, 0x0000000085e00000|100%| O|  |TAMS 0x0000000085e00000, 0x0000000085d00000| Untracked 
|  94|0x0000000085e00000, 0x0000000085f00000, 0x0000000085f00000|100%| O|  |TAMS 0x0000000085f00000, 0x0000000085e00000| Untracked 
|  95|0x0000000085f00000, 0x0000000086000000, 0x0000000086000000|100%| O|  |TAMS 0x0000000086000000, 0x0000000085f00000| Untracked 
|  96|0x0000000086000000, 0x0000000086100000, 0x0000000086100000|100%| O|  |TAMS 0x0000000086100000, 0x0000000086000000| Untracked 
|  97|0x0000000086100000, 0x0000000086200000, 0x0000000086200000|100%|HS|  |TAMS 0x0000000086200000, 0x0000000086100000| Complete 
|  98|0x0000000086200000, 0x0000000086300000, 0x0000000086300000|100%|HC|  |TAMS 0x0000000086300000, 0x0000000086200000| Complete 
|  99|0x0000000086300000, 0x0000000086400000, 0x0000000086400000|100%|HC|  |TAMS 0x0000000086400000, 0x0000000086300000| Complete 
| 100|0x0000000086400000, 0x0000000086500000, 0x0000000086500000|100%| O|  |TAMS 0x0000000086500000, 0x0000000086400000| Untracked 
| 101|0x0000000086500000, 0x0000000086600000, 0x0000000086600000|100%| O|  |TAMS 0x0000000086600000, 0x0000000086500000| Untracked 
| 102|0x0000000086600000, 0x0000000086700000, 0x0000000086700000|100%| O|  |TAMS 0x0000000086700000, 0x0000000086600000| Untracked 
| 103|0x0000000086700000, 0x0000000086800000, 0x0000000086800000|100%| O|  |TAMS 0x0000000086800000, 0x0000000086700000| Untracked 
| 104|0x0000000086800000, 0x0000000086900000, 0x0000000086900000|100%| O|  |TAMS 0x0000000086900000, 0x0000000086800000| Untracked 
| 105|0x0000000086900000, 0x0000000086a00000, 0x0000000086a00000|100%| O|  |TAMS 0x0000000086a00000, 0x0000000086900000| Untracked 
| 106|0x0000000086a00000, 0x0000000086b00000, 0x0000000086b00000|100%| O|  |TAMS 0x0000000086b00000, 0x0000000086a00000| Untracked 
| 107|0x0000000086b00000, 0x0000000086c00000, 0x0000000086c00000|100%| O|  |TAMS 0x0000000086c00000, 0x0000000086b00000| Untracked 
| 108|0x0000000086c00000, 0x0000000086d00000, 0x0000000086d00000|100%| O|  |TAMS 0x0000000086d00000, 0x0000000086c00000| Untracked 
| 109|0x0000000086d00000, 0x0000000086e00000, 0x0000000086e00000|100%| O|  |TAMS 0x0000000086e00000, 0x0000000086d00000| Untracked 
| 110|0x0000000086e00000, 0x0000000086f00000, 0x0000000086f00000|100%| O|  |TAMS 0x0000000086e00000, 0x0000000086e00000| Untracked 
| 111|0x0000000086f00000, 0x0000000087000000, 0x0000000087000000|100%| O|  |TAMS 0x0000000087000000, 0x0000000086f00000| Untracked 
| 112|0x0000000087000000, 0x0000000087100000, 0x0000000087100000|100%| O|  |TAMS 0x0000000087100000, 0x0000000087000000| Untracked 
| 113|0x0000000087100000, 0x0000000087200000, 0x0000000087200000|100%| O|  |TAMS 0x0000000087200000, 0x0000000087100000| Untracked 
| 114|0x0000000087200000, 0x0000000087300000, 0x0000000087300000|100%| O|  |TAMS 0x0000000087300000, 0x0000000087200000| Untracked 
| 115|0x0000000087300000, 0x0000000087400000, 0x0000000087400000|100%| O|  |TAMS 0x0000000087400000, 0x0000000087300000| Untracked 
| 116|0x0000000087400000, 0x0000000087500000, 0x0000000087500000|100%| O|  |TAMS 0x0000000087500000, 0x0000000087400000| Untracked 
| 117|0x0000000087500000, 0x0000000087600000, 0x0000000087600000|100%| O|  |TAMS 0x0000000087600000, 0x0000000087500000| Untracked 
| 118|0x0000000087600000, 0x0000000087700000, 0x0000000087700000|100%| O|  |TAMS 0x0000000087700000, 0x0000000087600000| Untracked 
| 119|0x0000000087700000, 0x0000000087800000, 0x0000000087800000|100%| O|  |TAMS 0x0000000087800000, 0x0000000087700000| Untracked 
| 120|0x0000000087800000, 0x0000000087900000, 0x0000000087900000|100%| O|  |TAMS 0x0000000087900000, 0x0000000087800000| Untracked 
| 121|0x0000000087900000, 0x0000000087a00000, 0x0000000087a00000|100%| O|  |TAMS 0x0000000087a00000, 0x0000000087900000| Untracked 
| 122|0x0000000087a00000, 0x0000000087b00000, 0x0000000087b00000|100%| O|  |TAMS 0x0000000087a5bc00, 0x0000000087a00000| Untracked 
| 123|0x0000000087b00000, 0x0000000087c00000, 0x0000000087c00000|100%|HS|  |TAMS 0x0000000087b00000, 0x0000000087b00000| Complete 
| 124|0x0000000087c00000, 0x0000000087d00000, 0x0000000087d00000|100%|HC|  |TAMS 0x0000000087c00000, 0x0000000087c00000| Complete 
| 125|0x0000000087d00000, 0x0000000087e00000, 0x0000000087e00000|100%| O|  |TAMS 0x0000000087d00000, 0x0000000087d00000| Untracked 
| 126|0x0000000087e00000, 0x0000000087f00000, 0x0000000087f00000|100%| O|  |TAMS 0x0000000087e00000, 0x0000000087e00000| Untracked 
| 127|0x0000000087f00000, 0x0000000088000000, 0x0000000088000000|100%| O|  |TAMS 0x0000000087f00000, 0x0000000087f00000| Untracked 
| 128|0x0000000088000000, 0x0000000088100000, 0x0000000088100000|100%| O|  |TAMS 0x0000000088000000, 0x0000000088000000| Untracked 
| 129|0x0000000088100000, 0x0000000088200000, 0x0000000088200000|100%| O|  |TAMS 0x0000000088100000, 0x0000000088100000| Untracked 
| 130|0x0000000088200000, 0x0000000088300000, 0x0000000088300000|100%| O|  |TAMS 0x0000000088200000, 0x0000000088200000| Untracked 
| 131|0x0000000088300000, 0x0000000088400000, 0x0000000088400000|100%| O|  |TAMS 0x0000000088300000, 0x0000000088300000| Untracked 
| 132|0x0000000088400000, 0x0000000088500000, 0x0000000088500000|100%| O|  |TAMS 0x0000000088400000, 0x0000000088400000| Untracked 
| 133|0x0000000088500000, 0x0000000088600000, 0x0000000088600000|100%| O|  |TAMS 0x0000000088500000, 0x0000000088500000| Untracked 
| 134|0x0000000088600000, 0x0000000088700000, 0x0000000088700000|100%| O|  |TAMS 0x0000000088600000, 0x0000000088600000| Untracked 
| 135|0x0000000088700000, 0x0000000088800000, 0x0000000088800000|100%| O|  |TAMS 0x0000000088700000, 0x0000000088700000| Untracked 
| 136|0x0000000088800000, 0x0000000088900000, 0x0000000088900000|100%| O|  |TAMS 0x0000000088800000, 0x0000000088800000| Untracked 
| 137|0x0000000088900000, 0x0000000088a00000, 0x0000000088a00000|100%| O|  |TAMS 0x0000000088900000, 0x0000000088900000| Untracked 
| 138|0x0000000088a00000, 0x0000000088b00000, 0x0000000088b00000|100%| O|  |TAMS 0x0000000088a00000, 0x0000000088a00000| Untracked 
| 139|0x0000000088b00000, 0x0000000088c00000, 0x0000000088c00000|100%| O|  |TAMS 0x0000000088b00000, 0x0000000088b00000| Untracked 
| 140|0x0000000088c00000, 0x0000000088d00000, 0x0000000088d00000|100%| O|  |TAMS 0x0000000088c00000, 0x0000000088c00000| Untracked 
| 141|0x0000000088d00000, 0x0000000088e00000, 0x0000000088e00000|100%| O|  |TAMS 0x0000000088d00000, 0x0000000088d00000| Untracked 
| 142|0x0000000088e00000, 0x0000000088f00000, 0x0000000088f00000|100%| O|  |TAMS 0x0000000088e00000, 0x0000000088e00000| Untracked 
| 143|0x0000000088f00000, 0x0000000089000000, 0x0000000089000000|100%| O|  |TAMS 0x0000000088f00000, 0x0000000088f00000| Untracked 
| 144|0x0000000089000000, 0x0000000089100000, 0x0000000089100000|100%| O|  |TAMS 0x0000000089000000, 0x0000000089000000| Untracked 
| 145|0x0000000089100000, 0x0000000089200000, 0x0000000089200000|100%| O|  |TAMS 0x0000000089100000, 0x0000000089100000| Untracked 
| 146|0x0000000089200000, 0x0000000089300000, 0x0000000089300000|100%| O|  |TAMS 0x0000000089200000, 0x0000000089200000| Untracked 
| 147|0x0000000089300000, 0x0000000089400000, 0x0000000089400000|100%| O|  |TAMS 0x0000000089300000, 0x0000000089300000| Untracked 
| 148|0x0000000089400000, 0x0000000089500000, 0x0000000089500000|100%| O|  |TAMS 0x0000000089400000, 0x0000000089400000| Untracked 
| 149|0x0000000089500000, 0x0000000089600000, 0x0000000089600000|100%| O|  |TAMS 0x0000000089500000, 0x0000000089500000| Untracked 
| 150|0x0000000089600000, 0x0000000089700000, 0x0000000089700000|100%| O|  |TAMS 0x0000000089600000, 0x0000000089600000| Untracked 
| 151|0x0000000089700000, 0x0000000089800000, 0x0000000089800000|100%|HS|  |TAMS 0x0000000089700000, 0x0000000089700000| Complete 
| 152|0x0000000089800000, 0x0000000089900000, 0x0000000089900000|100%|HS|  |TAMS 0x0000000089800000, 0x0000000089800000| Complete 
| 153|0x0000000089900000, 0x0000000089a00000, 0x0000000089a00000|100%|HS|  |TAMS 0x0000000089900000, 0x0000000089900000| Complete 
| 154|0x0000000089a00000, 0x0000000089a00000, 0x0000000089b00000|  0%| F|  |TAMS 0x0000000089a00000, 0x0000000089a00000| Untracked 
| 155|0x0000000089b00000, 0x0000000089bf1600, 0x0000000089c00000| 94%| O|  |TAMS 0x0000000089b00000, 0x0000000089b00000| Untracked 
| 156|0x0000000089c00000, 0x0000000089c00000, 0x0000000089d00000|  0%| F|  |TAMS 0x0000000089c00000, 0x0000000089c00000| Untracked 
| 157|0x0000000089d00000, 0x0000000089d00000, 0x0000000089e00000|  0%| F|  |TAMS 0x0000000089d00000, 0x0000000089d00000| Untracked 
| 158|0x0000000089e00000, 0x0000000089e00000, 0x0000000089f00000|  0%| F|  |TAMS 0x0000000089e00000, 0x0000000089e00000| Untracked 
| 159|0x0000000089f00000, 0x0000000089f00000, 0x000000008a000000|  0%| F|  |TAMS 0x0000000089f00000, 0x0000000089f00000| Untracked 
| 160|0x000000008a000000, 0x000000008a000000, 0x000000008a100000|  0%| F|  |TAMS 0x000000008a000000, 0x000000008a000000| Untracked 
| 161|0x000000008a100000, 0x000000008a100000, 0x000000008a200000|  0%| F|  |TAMS 0x000000008a100000, 0x000000008a100000| Untracked 
| 162|0x000000008a200000, 0x000000008a200000, 0x000000008a300000|  0%| F|  |TAMS 0x000000008a200000, 0x000000008a200000| Untracked 
| 163|0x000000008a300000, 0x000000008a300000, 0x000000008a400000|  0%| F|  |TAMS 0x000000008a300000, 0x000000008a300000| Untracked 
| 164|0x000000008a400000, 0x000000008a400000, 0x000000008a500000|  0%| F|  |TAMS 0x000000008a400000, 0x000000008a400000| Untracked 
| 165|0x000000008a500000, 0x000000008a500000, 0x000000008a600000|  0%| F|  |TAMS 0x000000008a500000, 0x000000008a500000| Untracked 
| 166|0x000000008a600000, 0x000000008a600000, 0x000000008a700000|  0%| F|  |TAMS 0x000000008a600000, 0x000000008a600000| Untracked 
| 167|0x000000008a700000, 0x000000008a700000, 0x000000008a800000|  0%| F|  |TAMS 0x000000008a700000, 0x000000008a700000| Untracked 
| 168|0x000000008a800000, 0x000000008a800000, 0x000000008a900000|  0%| F|  |TAMS 0x000000008a800000, 0x000000008a800000| Untracked 
| 169|0x000000008a900000, 0x000000008a900000, 0x000000008aa00000|  0%| F|  |TAMS 0x000000008a900000, 0x000000008a900000| Untracked 
| 170|0x000000008aa00000, 0x000000008aa00000, 0x000000008ab00000|  0%| F|  |TAMS 0x000000008aa00000, 0x000000008aa00000| Untracked 
| 171|0x000000008ab00000, 0x000000008ab00000, 0x000000008ac00000|  0%| F|  |TAMS 0x000000008ab00000, 0x000000008ab00000| Untracked 
| 172|0x000000008ac00000, 0x000000008ac00000, 0x000000008ad00000|  0%| F|  |TAMS 0x000000008ac00000, 0x000000008ac00000| Untracked 
| 173|0x000000008ad00000, 0x000000008ad00000, 0x000000008ae00000|  0%| F|  |TAMS 0x000000008ad00000, 0x000000008ad00000| Untracked 
| 174|0x000000008ae00000, 0x000000008ae00000, 0x000000008af00000|  0%| F|  |TAMS 0x000000008ae00000, 0x000000008ae00000| Untracked 
| 175|0x000000008af00000, 0x000000008af00000, 0x000000008b000000|  0%| F|  |TAMS 0x000000008af00000, 0x000000008af00000| Untracked 
| 176|0x000000008b000000, 0x000000008b000000, 0x000000008b100000|  0%| F|  |TAMS 0x000000008b000000, 0x000000008b000000| Untracked 
| 177|0x000000008b100000, 0x000000008b100000, 0x000000008b200000|  0%| F|  |TAMS 0x000000008b100000, 0x000000008b100000| Untracked 
| 178|0x000000008b200000, 0x000000008b200000, 0x000000008b300000|  0%| F|  |TAMS 0x000000008b200000, 0x000000008b200000| Untracked 
| 179|0x000000008b300000, 0x000000008b300000, 0x000000008b400000|  0%| F|  |TAMS 0x000000008b300000, 0x000000008b300000| Untracked 
| 180|0x000000008b400000, 0x000000008b400000, 0x000000008b500000|  0%| F|  |TAMS 0x000000008b400000, 0x000000008b400000| Untracked 
| 181|0x000000008b500000, 0x000000008b500000, 0x000000008b600000|  0%| F|  |TAMS 0x000000008b500000, 0x000000008b500000| Untracked 
| 182|0x000000008b600000, 0x000000008b600000, 0x000000008b700000|  0%| F|  |TAMS 0x000000008b600000, 0x000000008b600000| Untracked 
| 183|0x000000008b700000, 0x000000008b700000, 0x000000008b800000|  0%| F|  |TAMS 0x000000008b700000, 0x000000008b700000| Untracked 
| 184|0x000000008b800000, 0x000000008b800000, 0x000000008b900000|  0%| F|  |TAMS 0x000000008b800000, 0x000000008b800000| Untracked 
| 185|0x000000008b900000, 0x000000008b900000, 0x000000008ba00000|  0%| F|  |TAMS 0x000000008b900000, 0x000000008b900000| Untracked 
| 186|0x000000008ba00000, 0x000000008ba00000, 0x000000008bb00000|  0%| F|  |TAMS 0x000000008ba00000, 0x000000008ba00000| Untracked 
| 187|0x000000008bb00000, 0x000000008bc00000, 0x000000008bc00000|100%| S|CS|TAMS 0x000000008bb00000, 0x000000008bb00000| Complete 
| 188|0x000000008bc00000, 0x000000008bd00000, 0x000000008bd00000|100%| S|CS|TAMS 0x000000008bc00000, 0x000000008bc00000| Complete 
| 189|0x000000008bd00000, 0x000000008be00000, 0x000000008be00000|100%| S|CS|TAMS 0x000000008bd00000, 0x000000008bd00000| Complete 
| 190|0x000000008be00000, 0x000000008bf00000, 0x000000008bf00000|100%| S|CS|TAMS 0x000000008be00000, 0x000000008be00000| Complete 
| 191|0x000000008bf00000, 0x000000008c000000, 0x000000008c000000|100%| S|CS|TAMS 0x000000008bf00000, 0x000000008bf00000| Complete 
| 192|0x000000008c000000, 0x000000008c100000, 0x000000008c100000|100%| S|CS|TAMS 0x000000008c000000, 0x000000008c000000| Complete 
| 193|0x000000008c100000, 0x000000008c200000, 0x000000008c200000|100%| S|CS|TAMS 0x000000008c100000, 0x000000008c100000| Complete 
| 194|0x000000008c200000, 0x000000008c300000, 0x000000008c300000|100%| S|CS|TAMS 0x000000008c200000, 0x000000008c200000| Complete 
| 195|0x000000008c300000, 0x000000008c400000, 0x000000008c400000|100%| S|CS|TAMS 0x000000008c300000, 0x000000008c300000| Complete 
| 196|0x000000008c400000, 0x000000008c500000, 0x000000008c500000|100%| S|CS|TAMS 0x000000008c400000, 0x000000008c400000| Complete 
| 197|0x000000008c500000, 0x000000008c600000, 0x000000008c600000|100%| S|CS|TAMS 0x000000008c500000, 0x000000008c500000| Complete 
| 198|0x000000008c600000, 0x000000008c600000, 0x000000008c700000|  0%| F|  |TAMS 0x000000008c600000, 0x000000008c600000| Untracked 
| 199|0x000000008c700000, 0x000000008c700000, 0x000000008c800000|  0%| F|  |TAMS 0x000000008c700000, 0x000000008c700000| Untracked 
| 200|0x000000008c800000, 0x000000008c800000, 0x000000008c900000|  0%| F|  |TAMS 0x000000008c800000, 0x000000008c800000| Untracked 
| 201|0x000000008c900000, 0x000000008c900000, 0x000000008ca00000|  0%| F|  |TAMS 0x000000008c900000, 0x000000008c900000| Untracked 
| 202|0x000000008ca00000, 0x000000008ca00000, 0x000000008cb00000|  0%| F|  |TAMS 0x000000008ca00000, 0x000000008ca00000| Untracked 
| 203|0x000000008cb00000, 0x000000008cb00000, 0x000000008cc00000|  0%| F|  |TAMS 0x000000008cb00000, 0x000000008cb00000| Untracked 
| 204|0x000000008cc00000, 0x000000008cc00000, 0x000000008cd00000|  0%| F|  |TAMS 0x000000008cc00000, 0x000000008cc00000| Untracked 
| 205|0x000000008cd00000, 0x000000008cd00000, 0x000000008ce00000|  0%| F|  |TAMS 0x000000008cd00000, 0x000000008cd00000| Untracked 
| 206|0x000000008ce00000, 0x000000008ce00000, 0x000000008cf00000|  0%| F|  |TAMS 0x000000008ce00000, 0x000000008ce00000| Untracked 
| 207|0x000000008cf00000, 0x000000008cf00000, 0x000000008d000000|  0%| F|  |TAMS 0x000000008cf00000, 0x000000008cf00000| Untracked 
| 208|0x000000008d000000, 0x000000008d000000, 0x000000008d100000|  0%| F|  |TAMS 0x000000008d000000, 0x000000008d000000| Untracked 
| 209|0x000000008d100000, 0x000000008d100000, 0x000000008d200000|  0%| F|  |TAMS 0x000000008d100000, 0x000000008d100000| Untracked 
| 210|0x000000008d200000, 0x000000008d200000, 0x000000008d300000|  0%| F|  |TAMS 0x000000008d200000, 0x000000008d200000| Untracked 
| 211|0x000000008d300000, 0x000000008d300000, 0x000000008d400000|  0%| F|  |TAMS 0x000000008d300000, 0x000000008d300000| Untracked 
| 212|0x000000008d400000, 0x000000008d400000, 0x000000008d500000|  0%| F|  |TAMS 0x000000008d400000, 0x000000008d400000| Untracked 
| 213|0x000000008d500000, 0x000000008d500000, 0x000000008d600000|  0%| F|  |TAMS 0x000000008d500000, 0x000000008d500000| Untracked 
| 214|0x000000008d600000, 0x000000008d600000, 0x000000008d700000|  0%| F|  |TAMS 0x000000008d600000, 0x000000008d600000| Untracked 
| 215|0x000000008d700000, 0x000000008d700000, 0x000000008d800000|  0%| F|  |TAMS 0x000000008d700000, 0x000000008d700000| Untracked 
| 216|0x000000008d800000, 0x000000008d800000, 0x000000008d900000|  0%| F|  |TAMS 0x000000008d800000, 0x000000008d800000| Untracked 
| 217|0x000000008d900000, 0x000000008d900000, 0x000000008da00000|  0%| F|  |TAMS 0x000000008d900000, 0x000000008d900000| Untracked 
| 218|0x000000008da00000, 0x000000008da00000, 0x000000008db00000|  0%| F|  |TAMS 0x000000008da00000, 0x000000008da00000| Untracked 
| 219|0x000000008db00000, 0x000000008db00000, 0x000000008dc00000|  0%| F|  |TAMS 0x000000008db00000, 0x000000008db00000| Untracked 
| 220|0x000000008dc00000, 0x000000008dc00000, 0x000000008dd00000|  0%| F|  |TAMS 0x000000008dc00000, 0x000000008dc00000| Untracked 
| 221|0x000000008dd00000, 0x000000008dd00000, 0x000000008de00000|  0%| F|  |TAMS 0x000000008dd00000, 0x000000008dd00000| Untracked 
| 222|0x000000008de00000, 0x000000008de00000, 0x000000008df00000|  0%| F|  |TAMS 0x000000008de00000, 0x000000008de00000| Untracked 
| 223|0x000000008df00000, 0x000000008df00000, 0x000000008e000000|  0%| F|  |TAMS 0x000000008df00000, 0x000000008df00000| Untracked 
| 224|0x000000008e000000, 0x000000008e000000, 0x000000008e100000|  0%| F|  |TAMS 0x000000008e000000, 0x000000008e000000| Untracked 
| 225|0x000000008e100000, 0x000000008e100000, 0x000000008e200000|  0%| F|  |TAMS 0x000000008e100000, 0x000000008e100000| Untracked 
| 226|0x000000008e200000, 0x000000008e200000, 0x000000008e300000|  0%| F|  |TAMS 0x000000008e200000, 0x000000008e200000| Untracked 
| 227|0x000000008e300000, 0x000000008e300000, 0x000000008e400000|  0%| F|  |TAMS 0x000000008e300000, 0x000000008e300000| Untracked 
| 228|0x000000008e400000, 0x000000008e400000, 0x000000008e500000|  0%| F|  |TAMS 0x000000008e400000, 0x000000008e400000| Untracked 
| 229|0x000000008e500000, 0x000000008e500000, 0x000000008e600000|  0%| F|  |TAMS 0x000000008e500000, 0x000000008e500000| Untracked 
| 230|0x000000008e600000, 0x000000008e600000, 0x000000008e700000|  0%| F|  |TAMS 0x000000008e600000, 0x000000008e600000| Untracked 
| 231|0x000000008e700000, 0x000000008e700000, 0x000000008e800000|  0%| F|  |TAMS 0x000000008e700000, 0x000000008e700000| Untracked 
| 232|0x000000008e800000, 0x000000008e800000, 0x000000008e900000|  0%| F|  |TAMS 0x000000008e800000, 0x000000008e800000| Untracked 
| 233|0x000000008e900000, 0x000000008e900000, 0x000000008ea00000|  0%| F|  |TAMS 0x000000008e900000, 0x000000008e900000| Untracked 
| 234|0x000000008ea00000, 0x000000008ea00000, 0x000000008eb00000|  0%| F|  |TAMS 0x000000008ea00000, 0x000000008ea00000| Untracked 
| 235|0x000000008eb00000, 0x000000008eb00000, 0x000000008ec00000|  0%| F|  |TAMS 0x000000008eb00000, 0x000000008eb00000| Untracked 
| 236|0x000000008ec00000, 0x000000008ec00000, 0x000000008ed00000|  0%| F|  |TAMS 0x000000008ec00000, 0x000000008ec00000| Untracked 
| 237|0x000000008ed00000, 0x000000008ed00000, 0x000000008ee00000|  0%| F|  |TAMS 0x000000008ed00000, 0x000000008ed00000| Untracked 
| 238|0x000000008ee00000, 0x000000008ee00000, 0x000000008ef00000|  0%| F|  |TAMS 0x000000008ee00000, 0x000000008ee00000| Untracked 
| 239|0x000000008ef00000, 0x000000008ef00000, 0x000000008f000000|  0%| F|  |TAMS 0x000000008ef00000, 0x000000008ef00000| Untracked 
| 240|0x000000008f000000, 0x000000008f000000, 0x000000008f100000|  0%| F|  |TAMS 0x000000008f000000, 0x000000008f000000| Untracked 
| 241|0x000000008f100000, 0x000000008f100000, 0x000000008f200000|  0%| F|  |TAMS 0x000000008f100000, 0x000000008f100000| Untracked 
| 242|0x000000008f200000, 0x000000008f200000, 0x000000008f300000|  0%| F|  |TAMS 0x000000008f200000, 0x000000008f200000| Untracked 
| 243|0x000000008f300000, 0x000000008f300000, 0x000000008f400000|  0%| F|  |TAMS 0x000000008f300000, 0x000000008f300000| Untracked 
| 244|0x000000008f400000, 0x000000008f400000, 0x000000008f500000|  0%| F|  |TAMS 0x000000008f400000, 0x000000008f400000| Untracked 
| 245|0x000000008f500000, 0x000000008f500000, 0x000000008f600000|  0%| F|  |TAMS 0x000000008f500000, 0x000000008f500000| Untracked 
| 246|0x000000008f600000, 0x000000008f600000, 0x000000008f700000|  0%| F|  |TAMS 0x000000008f600000, 0x000000008f600000| Untracked 
| 247|0x000000008f700000, 0x000000008f700000, 0x000000008f800000|  0%| F|  |TAMS 0x000000008f700000, 0x000000008f700000| Untracked 
| 248|0x000000008f800000, 0x000000008f800000, 0x000000008f900000|  0%| F|  |TAMS 0x000000008f800000, 0x000000008f800000| Untracked 
| 249|0x000000008f900000, 0x000000008f900000, 0x000000008fa00000|  0%| F|  |TAMS 0x000000008f900000, 0x000000008f900000| Untracked 
| 250|0x000000008fa00000, 0x000000008fa00000, 0x000000008fb00000|  0%| F|  |TAMS 0x000000008fa00000, 0x000000008fa00000| Untracked 
| 251|0x000000008fb00000, 0x000000008fb00000, 0x000000008fc00000|  0%| F|  |TAMS 0x000000008fb00000, 0x000000008fb00000| Untracked 
| 252|0x000000008fc00000, 0x000000008fc00000, 0x000000008fd00000|  0%| F|  |TAMS 0x000000008fc00000, 0x000000008fc00000| Untracked 
| 253|0x000000008fd00000, 0x000000008fd00000, 0x000000008fe00000|  0%| F|  |TAMS 0x000000008fd00000, 0x000000008fd00000| Untracked 
| 254|0x000000008fe00000, 0x000000008fe00000, 0x000000008ff00000|  0%| F|  |TAMS 0x000000008fe00000, 0x000000008fe00000| Untracked 
| 255|0x000000008ff00000, 0x000000008ff00000, 0x0000000090000000|  0%| F|  |TAMS 0x000000008ff00000, 0x000000008ff00000| Untracked 
| 256|0x0000000090000000, 0x0000000090000000, 0x0000000090100000|  0%| F|  |TAMS 0x0000000090000000, 0x0000000090000000| Untracked 
| 257|0x0000000090100000, 0x0000000090100000, 0x0000000090200000|  0%| F|  |TAMS 0x0000000090100000, 0x0000000090100000| Untracked 
| 258|0x0000000090200000, 0x0000000090200000, 0x0000000090300000|  0%| F|  |TAMS 0x0000000090200000, 0x0000000090200000| Untracked 
| 259|0x0000000090300000, 0x0000000090300000, 0x0000000090400000|  0%| F|  |TAMS 0x0000000090300000, 0x0000000090300000| Untracked 
| 260|0x0000000090400000, 0x0000000090400000, 0x0000000090500000|  0%| F|  |TAMS 0x0000000090400000, 0x0000000090400000| Untracked 
| 261|0x0000000090500000, 0x0000000090500000, 0x0000000090600000|  0%| F|  |TAMS 0x0000000090500000, 0x0000000090500000| Untracked 
| 262|0x0000000090600000, 0x0000000090600000, 0x0000000090700000|  0%| F|  |TAMS 0x0000000090600000, 0x0000000090600000| Untracked 
| 263|0x0000000090700000, 0x0000000090700000, 0x0000000090800000|  0%| F|  |TAMS 0x0000000090700000, 0x0000000090700000| Untracked 
| 264|0x0000000090800000, 0x0000000090800000, 0x0000000090900000|  0%| F|  |TAMS 0x0000000090800000, 0x0000000090800000| Untracked 
| 265|0x0000000090900000, 0x0000000090900000, 0x0000000090a00000|  0%| F|  |TAMS 0x0000000090900000, 0x0000000090900000| Untracked 
| 266|0x0000000090a00000, 0x0000000090a00000, 0x0000000090b00000|  0%| F|  |TAMS 0x0000000090a00000, 0x0000000090a00000| Untracked 
| 267|0x0000000090b00000, 0x0000000090b00000, 0x0000000090c00000|  0%| F|  |TAMS 0x0000000090b00000, 0x0000000090b00000| Untracked 
| 268|0x0000000090c00000, 0x0000000090c00000, 0x0000000090d00000|  0%| F|  |TAMS 0x0000000090c00000, 0x0000000090c00000| Untracked 
| 269|0x0000000090d00000, 0x0000000090d00000, 0x0000000090e00000|  0%| F|  |TAMS 0x0000000090d00000, 0x0000000090d00000| Untracked 
| 270|0x0000000090e00000, 0x0000000090e00000, 0x0000000090f00000|  0%| F|  |TAMS 0x0000000090e00000, 0x0000000090e00000| Untracked 
| 271|0x0000000090f00000, 0x0000000090f00000, 0x0000000091000000|  0%| F|  |TAMS 0x0000000090f00000, 0x0000000090f00000| Untracked 
| 272|0x0000000091000000, 0x0000000091000000, 0x0000000091100000|  0%| F|  |TAMS 0x0000000091000000, 0x0000000091000000| Untracked 
| 273|0x0000000091100000, 0x0000000091100000, 0x0000000091200000|  0%| F|  |TAMS 0x0000000091100000, 0x0000000091100000| Untracked 
| 274|0x0000000091200000, 0x0000000091200000, 0x0000000091300000|  0%| F|  |TAMS 0x0000000091200000, 0x0000000091200000| Untracked 
| 275|0x0000000091300000, 0x0000000091300000, 0x0000000091400000|  0%| F|  |TAMS 0x0000000091300000, 0x0000000091300000| Untracked 
| 276|0x0000000091400000, 0x0000000091400000, 0x0000000091500000|  0%| F|  |TAMS 0x0000000091400000, 0x0000000091400000| Untracked 
| 277|0x0000000091500000, 0x0000000091500000, 0x0000000091600000|  0%| F|  |TAMS 0x0000000091500000, 0x0000000091500000| Untracked 
| 278|0x0000000091600000, 0x0000000091600000, 0x0000000091700000|  0%| F|  |TAMS 0x0000000091600000, 0x0000000091600000| Untracked 

Card table byte_map: [0x00000208aebc0000,0x00000208aefc0000] _byte_map_base: 0x00000208ae7c0000

Marking Bits (Prev, Next): (CMBitMap*) 0x0000020897f55360, (CMBitMap*) 0x0000020897f55320
 Prev Bits: [0x00000208b13c0000, 0x00000208b33c0000)
 Next Bits: [0x00000208af3c0000, 0x00000208b13c0000)

Polling page: 0x0000020895d30000

Metaspace:

Usage:
  Non-class:     87.63 MB used.
      Class:     14.22 MB used.
       Both:    101.84 MB used.

Virtual space:
  Non-class space:      128.00 MB reserved,      88.19 MB ( 69%) committed,  2 nodes.
      Class space:      416.00 MB reserved,      14.69 MB (  4%) committed,  1 nodes.
             Both:      544.00 MB reserved,     102.88 MB ( 19%) committed. 

Chunk freelists:
   Non-Class:  7.78 MB
       Class:  1.16 MB
        Both:  8.94 MB

MaxMetaspaceSize: 512.00 MB
CompressedClassSpaceSize: 416.00 MB
Initial GC threshold: 21.00 MB
Current GC threshold: 167.62 MB
CDS: on
MetaspaceReclaimPolicy: balanced
 - commit_granule_bytes: 65536.
 - commit_granule_words: 8192.
 - virtual_space_node_default_size: 8388608.
 - enlarge_chunks_in_place: 1.
 - new_chunks_are_fully_committed: 0.
 - uncommit_free_chunks: 1.
 - use_allocation_guard: 0.
 - handle_deallocations: 1.


Internal statistics:

num_allocs_failed_limit: 9.
num_arena_births: 1376.
num_arena_deaths: 0.
num_vsnodes_births: 3.
num_vsnodes_deaths: 0.
num_space_committed: 1646.
num_space_uncommitted: 0.
num_chunks_returned_to_freelist: 9.
num_chunks_taken_from_freelist: 6088.
num_chunk_merges: 9.
num_chunk_splits: 3904.
num_chunks_enlarged: 2466.
num_inconsistent_stats: 0.

CodeHeap 'non-profiled nmethods': size=120000Kb used=7657Kb max_used=7657Kb free=112342Kb
 bounds [0x00000208a7290000, 0x00000208a7a10000, 0x00000208ae7c0000]
CodeHeap 'profiled nmethods': size=120000Kb used=23069Kb max_used=23234Kb free=96930Kb
 bounds [0x000002089f7c0000, 0x00000208a0e90000, 0x00000208a6cf0000]
CodeHeap 'non-nmethods': size=5760Kb used=2438Kb max_used=2492Kb free=3321Kb
 bounds [0x00000208a6cf0000, 0x00000208a6f70000, 0x00000208a7290000]
 total_blobs=13097 nmethods=12121 adapters=887
 compilation: enabled
              stopped_count=0, restarted_count=0
 full_count=0

Compilation events (20 events):
Event: 64.425 Thread 0x00000208b5836370 14947       3       com.android.build.gradle.internal.cxx.model.MetaModelKt::lookup (837 bytes)
Event: 64.438 Thread 0x00000208b5836370 nmethod 14947 0x00000208a0e72510 code [0x00000208a0e73580, 0x00000208a0e7de18]
Event: 64.438 Thread 0x00000208b5836370 14948       3       kotlin.text.StringsKt__StringsKt::findAnyOf$StringsKt__StringsKt (442 bytes)
Event: 64.442 Thread 0x00000208b5836370 nmethod 14948 0x000002089f94c910 code [0x000002089f94ce80, 0x000002089f9504f8]
Event: 64.442 Thread 0x00000208b5836370 14953       3       com.google.gson.internal.LinkedTreeMap$EntrySet$1::next (5 bytes)
Event: 64.442 Thread 0x00000208b5836370 nmethod 14953 0x00000208a00f7310 code [0x00000208a00f74c0, 0x00000208a00f7648]
Event: 64.442 Thread 0x00000208b5836370 14954       3       com.google.gson.internal.LinkedTreeMap$EntrySet$1::next (5 bytes)
Event: 64.442 Thread 0x00000208b5836370 nmethod 14954 0x000002089fe5ca10 code [0x000002089fe5cba0, 0x000002089fe5cce8]
Event: 64.442 Thread 0x00000208b5836370 14955       3       com.google.gson.internal.LinkedTreeMap$LinkedTreeMapIterator::nextNode (61 bytes)
Event: 64.442 Thread 0x00000208b5836370 nmethod 14955 0x00000208a011b690 code [0x00000208a011b860, 0x00000208a011bc58]
Event: 64.442 Thread 0x00000208b5836370 14956       3       com.android.build.gradle.internal.cxx.configure.CommandLineArgument::<init> (5 bytes)
Event: 64.442 Thread 0x00000208b5836370 nmethod 14956 0x000002089f94c210 code [0x000002089f94c3c0, 0x000002089f94c578]
Event: 64.442 Thread 0x00000208b5836370 14950       3       com.android.build.gradle.internal.cxx.settings.CxxAbiModelSettingsRewriterKt$expandConfigurationHashMacros$result$1::invoke (13 bytes)
Event: 64.443 Thread 0x00000208b5836370 nmethod 14950 0x00000208a0119e10 code [0x00000208a011a0e0, 0x00000208a011afc8]
Event: 64.443 Thread 0x00000208b5836370 14957       3       kotlin.text.StringsKt__StringsKt::substringBefore (65 bytes)
Event: 64.445 Thread 0x00000208b5836370 nmethod 14957 0x00000208a01da710 code [0x00000208a01daa40, 0x00000208a01dbae8]
Event: 64.445 Thread 0x00000208b5836370 14958       3       com.android.build.gradle.internal.cxx.configure.CommandLineArgument$DefineProperty::<init> (39 bytes)
Event: 64.446 Thread 0x00000208b5836370 nmethod 14958 0x00000208a0256790 code [0x00000208a0256ac0, 0x00000208a0257bf8]
Event: 64.446 Thread 0x00000208b5836370 14951       3       com.android.build.gradle.internal.cxx.settings.CxxAbiModelSettingsRewriterKt$expandConfigurationHashMacros$result$1::invoke (31 bytes)
Event: 64.447 Thread 0x00000208b5836370 nmethod 14951 0x00000208a0423f10 code [0x00000208a04241c0, 0x00000208a0424e48]

GC Heap History (20 events):
Event: 48.933 GC heap after
{Heap after GC invocations=59 (full 0):
 garbage-first heap   total 235520K, used 114291K [0x0000000080000000, 0x0000000100000000)
  region size 1024K, 8 young (8192K), 8 survivors (8192K)
 Metaspace       used 96849K, committed 97856K, reserved 557056K
  class space    used 13530K, committed 14016K, reserved 425984K
}
Event: 50.852 GC heap before
{Heap before GC invocations=59 (full 0):
 garbage-first heap   total 235520K, used 147059K [0x0000000080000000, 0x0000000100000000)
  region size 1024K, 41 young (41984K), 8 survivors (8192K)
 Metaspace       used 98815K, committed 99776K, reserved 557056K
  class space    used 13817K, committed 14272K, reserved 425984K
}
Event: 50.898 GC heap after
{Heap after GC invocations=60 (full 0):
 garbage-first heap   total 235520K, used 116302K [0x0000000080000000, 0x0000000100000000)
  region size 1024K, 5 young (5120K), 5 survivors (5120K)
 Metaspace       used 98815K, committed 99776K, reserved 557056K
  class space    used 13817K, committed 14272K, reserved 425984K
}
Event: 54.751 GC heap before
{Heap before GC invocations=61 (full 0):
 garbage-first heap   total 235520K, used 198222K [0x0000000080000000, 0x0000000100000000)
  region size 1024K, 85 young (87040K), 5 survivors (5120K)
 Metaspace       used 101733K, committed 102784K, reserved 557056K
  class space    used 14253K, committed 14720K, reserved 425984K
}
Event: 54.828 GC heap after
{Heap after GC invocations=62 (full 0):
 garbage-first heap   total 282624K, used 125144K [0x0000000080000000, 0x0000000100000000)
  region size 1024K, 11 young (11264K), 11 survivors (11264K)
 Metaspace       used 101733K, committed 102784K, reserved 557056K
  class space    used 14253K, committed 14720K, reserved 425984K
}
Event: 54.901 GC heap before
{Heap before GC invocations=62 (full 0):
 garbage-first heap   total 282624K, used 127192K [0x0000000080000000, 0x0000000100000000)
  region size 1024K, 13 young (13312K), 11 survivors (11264K)
 Metaspace       used 101733K, committed 102784K, reserved 557056K
  class space    used 14253K, committed 14720K, reserved 425984K
}
Event: 54.958 GC heap after
{Heap after GC invocations=63 (full 0):
 garbage-first heap   total 282624K, used 124210K [0x0000000080000000, 0x0000000100000000)
  region size 1024K, 2 young (2048K), 2 survivors (2048K)
 Metaspace       used 101733K, committed 102784K, reserved 557056K
  class space    used 14253K, committed 14720K, reserved 425984K
}
Event: 56.735 GC heap before
{Heap before GC invocations=63 (full 0):
 garbage-first heap   total 282624K, used 225586K [0x0000000080000000, 0x0000000100000000)
  region size 1024K, 101 young (103424K), 2 survivors (2048K)
 Metaspace       used 101743K, committed 102784K, reserved 557056K
  class space    used 14254K, committed 14720K, reserved 425984K
}
Event: 56.759 GC heap after
{Heap after GC invocations=64 (full 0):
 garbage-first heap   total 282624K, used 126918K [0x0000000080000000, 0x0000000100000000)
  region size 1024K, 5 young (5120K), 5 survivors (5120K)
 Metaspace       used 101743K, committed 102784K, reserved 557056K
  class space    used 14254K, committed 14720K, reserved 425984K
}
Event: 59.003 GC heap before
{Heap before GC invocations=65 (full 0):
 garbage-first heap   total 285696K, used 235462K [0x0000000080000000, 0x0000000100000000)
  region size 1024K, 108 young (110592K), 5 survivors (5120K)
 Metaspace       used 102169K, committed 103168K, reserved 557056K
  class space    used 14307K, committed 14784K, reserved 425984K
}
Event: 59.027 GC heap after
{Heap after GC invocations=66 (full 0):
 garbage-first heap   total 285696K, used 141533K [0x0000000080000000, 0x0000000100000000)
  region size 1024K, 14 young (14336K), 14 survivors (14336K)
 Metaspace       used 102169K, committed 103168K, reserved 557056K
  class space    used 14307K, committed 14784K, reserved 425984K
}
Event: 59.033 GC heap before
{Heap before GC invocations=66 (full 0):
 garbage-first heap   total 285696K, used 141533K [0x0000000080000000, 0x0000000100000000)
  region size 1024K, 15 young (15360K), 14 survivors (14336K)
 Metaspace       used 102169K, committed 103168K, reserved 557056K
  class space    used 14307K, committed 14784K, reserved 425984K
}
Event: 59.061 GC heap after
{Heap after GC invocations=67 (full 0):
 garbage-first heap   total 285696K, used 140966K [0x0000000080000000, 0x0000000100000000)
  region size 1024K, 2 young (2048K), 2 survivors (2048K)
 Metaspace       used 102169K, committed 103168K, reserved 557056K
  class space    used 14307K, committed 14784K, reserved 425984K
}
Event: 59.549 GC heap before
{Heap before GC invocations=67 (full 0):
 garbage-first heap   total 285696K, used 230054K [0x0000000080000000, 0x0000000100000000)
  region size 1024K, 89 young (91136K), 2 survivors (2048K)
 Metaspace       used 102173K, committed 103232K, reserved 557056K
  class space    used 14307K, committed 14784K, reserved 425984K
}
Event: 59.556 GC heap after
{Heap after GC invocations=68 (full 0):
 garbage-first heap   total 285696K, used 143451K [0x0000000080000000, 0x0000000100000000)
  region size 1024K, 4 young (4096K), 4 survivors (4096K)
 Metaspace       used 102173K, committed 103232K, reserved 557056K
  class space    used 14307K, committed 14784K, reserved 425984K
}
Event: 61.585 GC heap before
{Heap before GC invocations=68 (full 0):
 garbage-first heap   total 285696K, used 235611K [0x0000000080000000, 0x0000000100000000)
  region size 1024K, 92 young (94208K), 4 survivors (4096K)
 Metaspace       used 102651K, committed 103744K, reserved 557056K
  class space    used 14369K, committed 14848K, reserved 425984K
}
Event: 61.607 GC heap after
{Heap after GC invocations=69 (full 0):
 garbage-first heap   total 285696K, used 156089K [0x0000000080000000, 0x0000000100000000)
  region size 1024K, 12 young (12288K), 12 survivors (12288K)
 Metaspace       used 102651K, committed 103744K, reserved 557056K
  class space    used 14369K, committed 14848K, reserved 425984K
}
Event: 62.521 GC heap before
{Heap before GC invocations=69 (full 0):
 garbage-first heap   total 285696K, used 233913K [0x0000000080000000, 0x0000000100000000)
  region size 1024K, 89 young (91136K), 12 survivors (12288K)
 Metaspace       used 102651K, committed 103744K, reserved 557056K
  class space    used 14369K, committed 14848K, reserved 425984K
}
Event: 62.541 GC heap after
{Heap after GC invocations=70 (full 0):
 garbage-first heap   total 285696K, used 158720K [0x0000000080000000, 0x0000000100000000)
  region size 1024K, 4 young (4096K), 4 survivors (4096K)
 Metaspace       used 102651K, committed 103744K, reserved 557056K
  class space    used 14369K, committed 14848K, reserved 425984K
}
Event: 64.447 GC heap before
{Heap before GC invocations=70 (full 0):
 garbage-first heap   total 285696K, used 240640K [0x0000000080000000, 0x0000000100000000)
  region size 1024K, 81 young (82944K), 4 survivors (4096K)
 Metaspace       used 104287K, committed 105344K, reserved 557056K
  class space    used 14558K, committed 15040K, reserved 425984K
}

Deoptimization events (20 events):
Event: 64.092 Thread 0x00000208d678fdf0 Uncommon trap: trap_request=0xffffff45 fr.pc=0x00000208a799d904 relative=0x00000000000001c4
Event: 64.092 Thread 0x00000208d678fdf0 Uncommon trap: reason=unstable_if action=reinterpret pc=0x00000208a799d904 method=java.io.WinNTFileSystem.isLetter(C)Z @ 9 c2
Event: 64.092 Thread 0x00000208d678fdf0 DEOPT PACKING pc=0x00000208a799d904 sp=0x0000004658bf9640
Event: 64.092 Thread 0x00000208d678fdf0 DEOPT UNPACKING pc=0x00000208a6d423a3 sp=0x0000004658bf9510 mode 2
Event: 64.110 Thread 0x00000208d678fdf0 Uncommon trap: trap_request=0xffffff45 fr.pc=0x00000208a79864c8 relative=0x0000000000000128
Event: 64.110 Thread 0x00000208d678fdf0 Uncommon trap: reason=unstable_if action=reinterpret pc=0x00000208a79864c8 method=java.io.WinNTFileSystem.isLetter(C)Z @ 9 c2
Event: 64.110 Thread 0x00000208d678fdf0 DEOPT PACKING pc=0x00000208a79864c8 sp=0x0000004658bf95f0
Event: 64.110 Thread 0x00000208d678fdf0 DEOPT UNPACKING pc=0x00000208a6d423a3 sp=0x0000004658bf9510 mode 2
Event: 64.294 Thread 0x00000208d678fdf0 Uncommon trap: trap_request=0xffffff45 fr.pc=0x00000208a72cff6c relative=0x000000000000006c
Event: 64.294 Thread 0x00000208d678fdf0 Uncommon trap: reason=unstable_if action=reinterpret pc=0x00000208a72cff6c method=java.io.WinNTFileSystem.isLetter(C)Z @ 9 c2
Event: 64.294 Thread 0x00000208d678fdf0 DEOPT PACKING pc=0x00000208a72cff6c sp=0x0000004658bf91c0
Event: 64.294 Thread 0x00000208d678fdf0 DEOPT UNPACKING pc=0x00000208a6d423a3 sp=0x0000004658bf9158 mode 2
Event: 64.319 Thread 0x00000208d678fdf0 DEOPT PACKING pc=0x00000208a06b1ee0 sp=0x0000004658bf94a0
Event: 64.319 Thread 0x00000208d678fdf0 DEOPT UNPACKING pc=0x00000208a6d42b43 sp=0x0000004658bf89b8 mode 0
Event: 64.357 Thread 0x00000208d678fdf0 DEOPT PACKING pc=0x00000208a06b1ee0 sp=0x0000004658bf9360
Event: 64.357 Thread 0x00000208d678fdf0 DEOPT UNPACKING pc=0x00000208a6d42b43 sp=0x0000004658bf8868 mode 0
Event: 64.389 Thread 0x00000208d678fdf0 DEOPT PACKING pc=0x00000208a06b1ee0 sp=0x0000004658bf94b0
Event: 64.389 Thread 0x00000208d678fdf0 DEOPT UNPACKING pc=0x00000208a6d42b43 sp=0x0000004658bf89b8 mode 0
Event: 64.418 Thread 0x00000208d678fdf0 DEOPT PACKING pc=0x00000208a06b1ee0 sp=0x0000004658bf9360
Event: 64.418 Thread 0x00000208d678fdf0 DEOPT UNPACKING pc=0x00000208a6d42b43 sp=0x0000004658bf8868 mode 0

Classes unloaded (0 events):
No events

Classes redefined (0 events):
No events

Internal exceptions (20 events):
Event: 63.443 Thread 0x00000208d678fdf0 Exception <a 'java/lang/ClassNotFoundException'{0x000000008e463ed0}: com/android/build/gradle/internal/CompileOptionsCustomizer> (0x000000008e463ed0) 
thrown [s\open\src\hotspot\share\classfile\systemDictionary.cpp, line 256]
Event: 63.444 Thread 0x00000208d678fdf0 Exception <a 'java/lang/ClassNotFoundException'{0x000000008e4825a8}: com/android/build/gradle/internal/CompileOptions$AgpDecoratedCustomizer> (0x000000008e4825a8) 
thrown [s\open\src\hotspot\share\classfile\systemDictionary.cpp, line 256]
Event: 63.445 Thread 0x00000208d678fdf0 Exception <a 'java/lang/ClassNotFoundException'{0x000000008e498950}: com/android/build/gradle/internal/CompileOptions$AgpDecorated_DecoratedCustomizer> (0x000000008e498950) 
thrown [s\open\src\hotspot\share\classfile\systemDictionary.cpp, line 256]
Event: 63.465 Thread 0x00000208d678fdf0 Exception <a 'java/lang/ClassNotFoundException'{0x000000008e3c7848}: com/google/common/collect/RegularImmutableSetBeanInfo> (0x000000008e3c7848) 
thrown [s\open\src\hotspot\share\classfile\systemDictionary.cpp, line 256]
Event: 63.466 Thread 0x00000208d678fdf0 Exception <a 'java/lang/ClassNotFoundException'{0x000000008e3d7a40}: com/google/common/collect/ImmutableSet$CachingAsListBeanInfo> (0x000000008e3d7a40) 
thrown [s\open\src\hotspot\share\classfile\systemDictionary.cpp, line 256]
Event: 63.467 Thread 0x00000208d678fdf0 Exception <a 'java/lang/ClassNotFoundException'{0x000000008e3e78f0}: com/google/common/collect/ImmutableSet$CachingAsListCustomizer> (0x000000008e3e78f0) 
thrown [s\open\src\hotspot\share\classfile\systemDictionary.cpp, line 256]
Event: 63.468 Thread 0x00000208d678fdf0 Exception <a 'java/lang/ClassNotFoundException'{0x000000008e3fcef8}: com/google/common/collect/RegularImmutableSetCustomizer> (0x000000008e3fcef8) 
thrown [s\open\src\hotspot\share\classfile\systemDictionary.cpp, line 256]
Event: 63.504 Thread 0x00000208d678fdf0 Exception <a 'java/lang/ClassNotFoundException'{0x000000008e2a8778}: org/gradle/api/internal/artifacts/dsl/dependencies/DefaultDependencyConstraintHandler_DecoratedBeanInfo> (0x000000008e2a8778) 
thrown [s\open\src\hotspot\share\classfile\systemDictionary.cpp, line 256]
Event: 63.505 Thread 0x00000208d678fdf0 Exception <a 'java/lang/ClassNotFoundException'{0x000000008e2c7638}: org/gradle/api/internal/artifacts/dsl/dependencies/DefaultDependencyConstraintHandlerBeanInfo> (0x000000008e2c7638) 
thrown [s\open\src\hotspot\share\classfile\systemDictionary.cpp, line 256]
Event: 63.507 Thread 0x00000208d678fdf0 Exception <a 'java/lang/ClassNotFoundException'{0x000000008e2e6a78}: org/gradle/api/internal/artifacts/dsl/dependencies/DefaultDependencyConstraintHandlerCustomizer> (0x000000008e2e6a78) 
thrown [s\open\src\hotspot\share\classfile\systemDictionary.cpp, line 256]
Event: 63.510 Thread 0x00000208d678fdf0 Exception <a 'java/lang/ClassNotFoundException'{0x000000008e1167f0}: org/gradle/api/internal/artifacts/dsl/dependencies/DefaultDependencyConstraintHandler_DecoratedCustomizer> (0x000000008e1167f0) 
thrown [s\open\src\hotspot\share\classfile\systemDictionary.cpp, line 256]
Event: 63.521 Thread 0x00000208d678fdf0 Exception <a 'java/lang/ClassNotFoundException'{0x000000008e196548}: org/gradle/api/internal/artifacts/dependencies/DefaultDependencyConstraint_DecoratedBeanInfo> (0x000000008e196548) 
thrown [s\open\src\hotspot\share\classfile\systemDictionary.cpp, line 256]
Event: 63.523 Thread 0x00000208d678fdf0 Exception <a 'java/lang/ClassNotFoundException'{0x000000008e1b74f8}: org/gradle/api/internal/artifacts/dependencies/DefaultDependencyConstraintBeanInfo> (0x000000008e1b74f8) 
thrown [s\open\src\hotspot\share\classfile\systemDictionary.cpp, line 256]
Event: 63.525 Thread 0x00000208d678fdf0 Exception <a 'java/lang/ClassNotFoundException'{0x000000008e1d8738}: org/gradle/api/internal/artifacts/dependencies/AbstractDependencyConstraintBeanInfo> (0x000000008e1d8738) 
thrown [s\open\src\hotspot\share\classfile\systemDictionary.cpp, line 256]
Event: 63.527 Thread 0x00000208d678fdf0 Exception <a 'java/lang/ClassNotFoundException'{0x000000008e1f96f8}: org/gradle/api/internal/artifacts/dependencies/AbstractDependencyConstraintCustomizer> (0x000000008e1f96f8) 
thrown [s\open\src\hotspot\share\classfile\systemDictionary.cpp, line 256]
Event: 63.529 Thread 0x00000208d678fdf0 Exception <a 'java/lang/ClassNotFoundException'{0x000000008e01e3f8}: org/gradle/api/internal/artifacts/dependencies/DefaultDependencyConstraintCustomizer> (0x000000008e01e3f8) 
thrown [s\open\src\hotspot\share\classfile\systemDictionary.cpp, line 256]
Event: 63.532 Thread 0x00000208d678fdf0 Exception <a 'java/lang/ClassNotFoundException'{0x000000008e050a90}: org/gradle/api/internal/artifacts/dependencies/DefaultDependencyConstraint_DecoratedCustomizer> (0x000000008e050a90) 
thrown [s\open\src\hotspot\share\classfile\systemDictionary.cpp, line 256]
Event: 63.676 Thread 0x00000208d678fdf0 Exception <a 'sun/nio/fs/WindowsException'{0x000000008dcf6d40}> (0x000000008dcf6d40) 
thrown [s\open\src\hotspot\share\prims\jni.cpp, line 516]
Event: 63.746 Thread 0x00000208d678fdf0 Implicit null exception at 0x00000208a75ef8ba to 0x00000208a75efad4
Event: 63.753 Thread 0x00000208d678fdf0 Exception <a 'java/lang/NoSuchMethodError'{0x000000008dad41f8}: 'int java.lang.invoke.DirectMethodHandle$Holder.invokeSpecial(java.lang.Object, java.lang.Object, java.lang.Object, int)'> (0x000000008dad41f8) 
thrown [s\open\src\hotspot\share\interpreter\linkResolver.cpp, line 759]

VM Operations (20 events):
Event: 59.722 Executing VM operation: HandshakeAllThreads done
Event: 60.311 Executing VM operation: HandshakeAllThreads
Event: 60.320 Executing VM operation: HandshakeAllThreads done
Event: 61.062 Executing VM operation: ICBufferFull
Event: 61.062 Executing VM operation: ICBufferFull done
Event: 61.584 Executing VM operation: G1CollectForAllocation
Event: 61.608 Executing VM operation: G1CollectForAllocation done
Event: 62.521 Executing VM operation: G1CollectForAllocation
Event: 62.542 Executing VM operation: G1CollectForAllocation done
Event: 63.291 Executing VM operation: HandshakeAllThreads
Event: 63.292 Executing VM operation: HandshakeAllThreads done
Event: 63.295 Executing VM operation: HandshakeAllThreads
Event: 63.295 Executing VM operation: HandshakeAllThreads done
Event: 63.784 Executing VM operation: HandshakeAllThreads
Event: 63.784 Executing VM operation: HandshakeAllThreads done
Event: 63.784 Executing VM operation: Cleanup
Event: 63.785 Executing VM operation: Cleanup done
Event: 63.792 Executing VM operation: HandshakeAllThreads
Event: 63.792 Executing VM operation: HandshakeAllThreads done
Event: 64.447 Executing VM operation: G1CollectForAllocation

Events (20 events):
Event: 63.425 loading class java/lang/EnumBeanInfo
Event: 63.425 loading class java/lang/EnumBeanInfo done
Event: 63.426 loading class java/lang/EnumBeanInfo
Event: 63.426 loading class java/lang/EnumBeanInfo done
Event: 63.426 loading class java/lang/EnumCustomizer
Event: 63.426 loading class java/lang/EnumCustomizer done
Event: 63.426 loading class java/lang/EnumCustomizer
Event: 63.426 loading class java/lang/EnumCustomizer done
Event: 63.648 loading class java/net/Proxy
Event: 63.649 loading class java/net/Proxy done
Event: 63.649 loading class java/net/Proxy$Type
Event: 63.649 loading class java/net/Proxy$Type done
Event: 63.750 loading class sun/invoke/util/ValueConversions$1
Event: 63.750 loading class sun/invoke/util/ValueConversions$1 done
Event: 63.755 loading class java/lang/invoke/BoundMethodHandle$Species_LI
Event: 63.755 loading class java/lang/invoke/BoundMethodHandle$Species_LI done
Event: 63.790 loading class java/io/FileReader
Event: 63.791 loading class java/io/FileReader done
Event: 63.993 loading class jdk/internal/reflect/UnsafeQualifiedIntegerFieldAccessorImpl
Event: 63.994 loading class jdk/internal/reflect/UnsafeQualifiedIntegerFieldAccessorImpl done


Dynamic libraries:
0x00007ff7dbac0000 - 0x00007ff7dbad0000 	C:\Program Files\Java\jdk-17\bin\java.exe
0x00007ffd00530000 - 0x00007ffd00728000 	C:\Windows\SYSTEM32\ntdll.dll
0x00007ffcfee30000 - 0x00007ffcfeef2000 	C:\Windows\System32\KERNEL32.DLL
0x00007ffcfdbc0000 - 0x00007ffcfdeb7000 	C:\Windows\System32\KERNELBASE.dll
0x00007ffcfdfc0000 - 0x00007ffcfe0c0000 	C:\Windows\System32\ucrtbase.dll
0x00007ffce22a0000 - 0x00007ffce22b9000 	C:\Program Files\Java\jdk-17\bin\jli.dll
0x00007ffce2240000 - 0x00007ffce225b000 	C:\Program Files\Java\jdk-17\bin\VCRUNTIME140.dll
0x00007ffcfef00000 - 0x00007ffcfefb1000 	C:\Windows\System32\ADVAPI32.dll
0x00007ffd002a0000 - 0x00007ffd0033e000 	C:\Windows\System32\msvcrt.dll
0x00007ffcff9e0000 - 0x00007ffcffa7f000 	C:\Windows\System32\sechost.dll
0x00007ffcff090000 - 0x00007ffcff1b6000 	C:\Windows\System32\RPCRT4.dll
0x00007ffcfe190000 - 0x00007ffcfe1b7000 	C:\Windows\System32\bcrypt.dll
0x00007ffd00350000 - 0x00007ffd004ed000 	C:\Windows\System32\USER32.dll
0x00007ffcfe160000 - 0x00007ffcfe182000 	C:\Windows\System32\win32u.dll
0x00007ffcfec20000 - 0x00007ffcfec4b000 	C:\Windows\System32\GDI32.dll
0x00007ffcfe250000 - 0x00007ffcfe369000 	C:\Windows\System32\gdi32full.dll
0x00007ffcfe0c0000 - 0x00007ffcfe15d000 	C:\Windows\System32\msvcp_win.dll
0x00007ffce95b0000 - 0x00007ffce984a000 	C:\Windows\WinSxS\amd64_microsoft.windows.common-controls_6595b64144ccf1df_6.0.19041.5915_none_60b4b9d171f9c7c7\COMCTL32.dll
0x00007ffcf41f0000 - 0x00007ffcf41fa000 	C:\Windows\SYSTEM32\VERSION.dll
0x00007ffcfe5b0000 - 0x00007ffcfe5df000 	C:\Windows\System32\IMM32.DLL
0x00007ffcef2c0000 - 0x00007ffcef2cc000 	C:\Program Files\Java\jdk-17\bin\vcruntime140_1.dll
0x00007ffcd4ac0000 - 0x00007ffcd4b4e000 	C:\Program Files\Java\jdk-17\bin\msvcp140.dll
0x00007ffcb8d30000 - 0x00007ffcb9910000 	C:\Program Files\Java\jdk-17\bin\server\jvm.dll
0x00007ffcfec50000 - 0x00007ffcfec58000 	C:\Windows\System32\PSAPI.DLL
0x00007ffcef270000 - 0x00007ffcef279000 	C:\Windows\SYSTEM32\WSOCK32.dll
0x00007ffcff020000 - 0x00007ffcff08b000 	C:\Windows\System32\WS2_32.dll
0x00007ffcf4200000 - 0x00007ffcf4227000 	C:\Windows\SYSTEM32\WINMM.dll
0x00007ffcfba40000 - 0x00007ffcfba52000 	C:\Windows\SYSTEM32\kernel.appcore.dll
0x00007ffceefa0000 - 0x00007ffceefaa000 	C:\Program Files\Java\jdk-17\bin\jimage.dll
0x00007ffcfa390000 - 0x00007ffcfa591000 	C:\Windows\SYSTEM32\DBGHELP.DLL
0x00007ffcfaa20000 - 0x00007ffcfaa54000 	C:\Windows\SYSTEM32\dbgcore.DLL
0x00007ffcfe1c0000 - 0x00007ffcfe242000 	C:\Windows\System32\bcryptPrimitives.dll
0x00007ffcf17f0000 - 0x00007ffcf17fe000 	C:\Program Files\Java\jdk-17\bin\instrument.dll
0x00007ffcdac30000 - 0x00007ffcdac55000 	C:\Program Files\Java\jdk-17\bin\java.dll
0x00007ffcd49b0000 - 0x00007ffcd4a87000 	C:\Program Files\Java\jdk-17\bin\jsvml.dll
0x00007ffcffa80000 - 0x00007ffd001ee000 	C:\Windows\System32\SHELL32.dll
0x00007ffcfbc40000 - 0x00007ffcfc3e4000 	C:\Windows\SYSTEM32\windows.storage.dll
0x00007ffcff660000 - 0x00007ffcff9b3000 	C:\Windows\System32\combase.dll
0x00007ffcfd520000 - 0x00007ffcfd54b000 	C:\Windows\SYSTEM32\Wldp.dll
0x00007ffcff1c0000 - 0x00007ffcff28d000 	C:\Windows\System32\OLEAUT32.dll
0x00007ffcfec60000 - 0x00007ffcfed0d000 	C:\Windows\System32\SHCORE.dll
0x00007ffcfefc0000 - 0x00007ffcff01b000 	C:\Windows\System32\shlwapi.dll
0x00007ffcfdaf0000 - 0x00007ffcfdb14000 	C:\Windows\SYSTEM32\profapi.dll
0x00007ffcda850000 - 0x00007ffcda868000 	C:\Program Files\Java\jdk-17\bin\zip.dll
0x00007ffcdbad0000 - 0x00007ffcdbae9000 	C:\Program Files\Java\jdk-17\bin\net.dll
0x00007ffcf5d70000 - 0x00007ffcf5e7a000 	C:\Windows\SYSTEM32\WINHTTP.dll
0x00007ffcfd280000 - 0x00007ffcfd2ea000 	C:\Windows\system32\mswsock.dll
0x00007ffcdb810000 - 0x00007ffcdb826000 	C:\Program Files\Java\jdk-17\bin\nio.dll
0x00007ffceee10000 - 0x00007ffceee20000 	C:\Program Files\Java\jdk-17\bin\verify.dll
0x00007ffcda4d0000 - 0x00007ffcda4f7000 	C:\Users\HP\.gradle\native\1def1411415f61bf3af743bc5b6707747c0891f09f0c88961ee8f79bc544acac\windows-amd64\native-platform.dll
0x00007ffcd4bb0000 - 0x00007ffcd4c28000 	C:\Users\HP\.gradle\native\0.2.7\x86_64-windows-gnu\gradle-fileevents.dll
0x00007ffceec70000 - 0x00007ffceec7a000 	C:\Program Files\Java\jdk-17\bin\management.dll
0x00007ffce9c00000 - 0x00007ffce9c0b000 	C:\Program Files\Java\jdk-17\bin\management_ext.dll
0x00007ffcfcf60000 - 0x00007ffcfcf9b000 	C:\Windows\SYSTEM32\IPHLPAPI.DLL
0x00007ffcff4c0000 - 0x00007ffcff4c8000 	C:\Windows\System32\NSI.dll
0x00007ffcf6320000 - 0x00007ffcf6337000 	C:\Windows\SYSTEM32\dhcpcsvc6.DLL
0x00007ffcf72e0000 - 0x00007ffcf72fd000 	C:\Windows\SYSTEM32\dhcpcsvc.DLL
0x00007ffcfcfa0000 - 0x00007ffcfd06a000 	C:\Windows\SYSTEM32\DNSAPI.dll
0x00007ffcfd480000 - 0x00007ffcfd498000 	C:\Windows\SYSTEM32\CRYPTSP.dll
0x00007ffcfcba0000 - 0x00007ffcfcbd8000 	C:\Windows\system32\rsaenh.dll
0x00007ffcfdab0000 - 0x00007ffcfdade000 	C:\Windows\SYSTEM32\USERENV.dll
0x00007ffcfd470000 - 0x00007ffcfd47c000 	C:\Windows\SYSTEM32\CRYPTBASE.dll
0x00007ffcf17e0000 - 0x00007ffcf17ee000 	C:\Program Files\Java\jdk-17\bin\sunmscapi.dll
0x00007ffcfe3f0000 - 0x00007ffcfe54d000 	C:\Windows\System32\CRYPT32.dll
0x00007ffcfd590000 - 0x00007ffcfd5b7000 	C:\Windows\SYSTEM32\ncrypt.dll
0x00007ffcfd550000 - 0x00007ffcfd58b000 	C:\Windows\SYSTEM32\NTASN1.dll
0x00007ffcdf890000 - 0x00007ffcdf897000 	C:\Windows\system32\wshunix.dll

dbghelp: loaded successfully - version: 4.0.5 - missing functions: none
symbol engine: initialized successfully - sym options: 0x614 - pdb path: .;C:\Program Files\Java\jdk-17\bin;C:\Windows\SYSTEM32;C:\Windows\WinSxS\amd64_microsoft.windows.common-controls_6595b64144ccf1df_6.0.19041.5915_none_60b4b9d171f9c7c7;C:\Program Files\Java\jdk-17\bin\server;C:\Users\HP\.gradle\native\1def1411415f61bf3af743bc5b6707747c0891f09f0c88961ee8f79bc544acac\windows-amd64;C:\Users\HP\.gradle\native\0.2.7\x86_64-windows-gnu

VM Arguments:
jvm_args: --add-opens=java.base/java.lang=ALL-UNNAMED --add-opens=java.base/java.lang.invoke=ALL-UNNAMED --add-opens=java.base/java.util=ALL-UNNAMED --add-opens=java.prefs/java.util.prefs=ALL-UNNAMED --add-exports=jdk.compiler/com.sun.tools.javac.api=ALL-UNNAMED --add-exports=jdk.compiler/com.sun.tools.javac.util=ALL-UNNAMED --add-opens=java.base/java.util=ALL-UNNAMED --add-opens=java.prefs/java.util.prefs=ALL-UNNAMED --add-opens=java.base/java.nio.charset=ALL-UNNAMED --add-opens=java.base/java.net=ALL-UNNAMED --add-opens=java.base/java.util.concurrent.atomic=ALL-UNNAMED --add-opens=java.xml/javax.xml.namespace=ALL-UNNAMED -XX:MaxMetaspaceSize=512m -Xmx2048m -Dfile.encoding=windows-1252 -Duser.country=US -Duser.language=en -Duser.variant -javaagent:C:\Users\HP\.gradle\wrapper\dists\gradle-8.14.1-bin\baw1sv0jfoi8rxs14qo3h49cs\gradle-8.14.1\lib\agents\gradle-instrumentation-agent-8.14.1.jar 
java_command: org.gradle.launcher.daemon.bootstrap.GradleDaemon 8.14.1
java_class_path (initial): C:\Users\HP\.gradle\wrapper\dists\gradle-8.14.1-bin\baw1sv0jfoi8rxs14qo3h49cs\gradle-8.14.1\lib\gradle-daemon-main-8.14.1.jar
Launcher Type: SUN_STANDARD

[Global flags]
     intx CICompilerCount                          = 3                                         {product} {ergonomic}
   size_t CompressedClassSpaceSize                 = 436207616                                 {product} {ergonomic}
     uint ConcGCThreads                            = 1                                         {product} {ergonomic}
     uint G1ConcRefinementThreads                  = 4                                         {product} {ergonomic}
   size_t G1HeapRegionSize                         = 1048576                                   {product} {ergonomic}
    uintx GCDrainStackTargetSize                   = 64                                        {product} {ergonomic}
   size_t InitialHeapSize                          = 58720256                                  {product} {ergonomic}
   size_t MarkStackSize                            = 4194304                                   {product} {ergonomic}
   size_t MaxHeapSize                              = 2147483648                                {product} {command line}
   size_t MaxMetaspaceSize                         = 536870912                                 {product} {command line}
   size_t MaxNewSize                               = 1287651328                                {product} {ergonomic}
   size_t MinHeapDeltaBytes                        = 1048576                                   {product} {ergonomic}
   size_t MinHeapSize                              = 8388608                                   {product} {ergonomic}
    uintx NonNMethodCodeHeapSize                   = 5832780                                {pd product} {ergonomic}
    uintx NonProfiledCodeHeapSize                  = 122912730                              {pd product} {ergonomic}
    uintx ProfiledCodeHeapSize                     = 122912730                              {pd product} {ergonomic}
    uintx ReservedCodeCacheSize                    = 251658240                              {pd product} {ergonomic}
     bool SegmentedCodeCache                       = true                                      {product} {ergonomic}
   size_t SoftMaxHeapSize                          = 2147483648                             {manageable} {ergonomic}
     bool UseCompressedClassPointers               = true                           {product lp64_product} {ergonomic}
     bool UseCompressedOops                        = true                           {product lp64_product} {ergonomic}
     bool UseG1GC                                  = true                                      {product} {ergonomic}
     bool UseLargePagesIndividualAllocation        = false                                  {pd product} {ergonomic}

Logging:
Log output configuration:
 #0: stdout all=warning uptime,level,tags
 #1: stderr all=off uptime,level,tags

Environment Variables:
JAVA_HOME=C:\Program Files\Java\jdk-17
PATH=C:\Python313\Scripts\;C:\Python313\;C:\Program Files\Common Files\Oracle\Java\javapath;C:\Windows\system32;C:\Windows;C:\Windows\System32\Wbem;C:\Windows\System32\WindowsPowerShell\v1.0\;C:\Windows\System32\OpenSSH\;C:\Program Files\nodejs\;C:\ProgramData\chocolatey\bin;C:\Program Files\Java\jdk-17\bin;C:\Program Files\Git\cmd;C:\Users\HP\AppData\Local\Android\Sdk\platform-tools;C:\Users\HP\AppData\Local\Android\Sdk\emulator;C:\Users\HP\AppData\Local\Android\Sdk\cmdline-tools\latest\bin;C:\Users\HP\AppData\Local\Android\Sdk\tools;C:\Users\HP\AppData\Local\Android\Sdk\tools\bin;C:\Users\HP\AppData\Local\Microsoft\WindowsApps;C:\Users\HP\AppData\Local\Programs\cursor\resources\app\bin;C:\Users\HP\AppData\Roaming\npm;C:\Users\HP\AppData\Local\Programs\Microsoft VS Code\bin
USERNAME=HP
LANG=en_US.UTF-8
OS=Windows_NT
PROCESSOR_IDENTIFIER=AMD64 Family 23 Model 24 Stepping 1, AuthenticAMD



---------------  S Y S T E M  ---------------

OS:
 Windows 10 , 64 bit Build 19041 (10.0.19041.5915)
OS uptime: 68 days 6:58 hours

CPU: total 4 (initial active 4) (4 cores per cpu, 1 threads per core) family 23 model 24 stepping 1 microcode 0x0, cx8, cmov, fxsr, mmx, 3dnowpref, sse, sse2, sse3, ssse3, sse4a, sse4.1, sse4.2, popcnt, lzcnt, tsc, tscinvbit, avx, avx2, aes, clmul, bmi1, bmi2, adx, sha, fma, vzeroupper, clflush, clflushopt

Memory: 4k page, system-wide physical 3530M (193M free)
TotalPageFile size 14282M (AvailPageFile size 390M)
current process WorkingSet (physical memory assigned to process): 388M, peak: 405M
current process commit charge ("private bytes"): 611M, peak: 1169M

vm_info: Java HotSpot(TM) 64-Bit Server VM (17.0.12+8-LTS-286) for windows-amd64 JRE (17.0.12+8-LTS-286), built on Jun  5 2024 06:46:59 by "mach5one" with MS VC++ 17.6 (VS2022)

END.
